
> game-of-thrones@1.0.0 test:run
> vitest run

node.exe :  DEPRECATED  `test.poolOptions` was removed in Vitest 4. All previous 
`poolOptions` are now top-level options. Please, refer to the migration guide: 
https://vitest.dev/guide/migration#pool-rework
At C:\nvm4w\nodejs\npm.ps1:29 char:3
+   & $NODE_EXE $NPM_CLI_JS $args
+   ~~~~~~~~~~~~~~~~~~~~~~~~~~~~~
    + CategoryInfo          : NotSpecified: ( DEPRECATED  `t...ion#pool-rework:String) [], Re 
   moteException
    + FullyQualifiedErrorId : NativeCommandError
 

 RUN  v4.1.4 C:/Users/38093/IdeaProjects/got

 Γ¥» src/app/components/views/image/image.component.spec.ts (2 tests | 2 failed) 40ms
     ├ù ImageComponent should be created 10ms
     ├ù ImageComponent should render the image 28ms
 Γ¥» src/app/components/views/stats/stats.component.spec.ts (2 tests | 2 failed) 77ms
     ├ù StatsComponent should be created 11ms
     ├ù StatsComponent should display the selected unit 65ms
 Γ¥» src/app/components/modal-window/currency/currency-dif/currency-dif.component.spec.ts (3 tests | 3 failed) 56ms
     ├ù CurrencyDifComponent should be created 11ms
     ├ù CurrencyDifComponent should get difference 42ms
     ├ù CurrencyDifComponent should show New and Old Coins 1ms
 Γ¥» src/app/components/modal-window/after-battle/after-battle.component.spec.ts (4 tests | 4 failed) 116ms
     ├ù should create without throwing 11ms
     ├ù renders headerMessage from data 102ms
     ├ù renders closeBtnLabel from data.labels 1ms
     ├ù calls data.close when button is clicked 1ms
 Γ¥» src/app/services/game-related/battle-result/battle-result.service.spec.ts (13 tests | 13 failed) 28ms
       ├ù should return none when units are null 11ms
       ├ù should detect user loss when all user units dead 8ms
       ├ù should detect user win when all AI units dead 1ms
       ├ù should detect max turns reached 1ms
       ├ù should continue battle when conditions not met 1ms
       ├ù should return user when user dealt more damage 1ms
       ├ù should return ai when AI dealt more damage 1ms
       ├ù should return ai on equal damage (tie goes to AI) 0ms
       ├ù should not show modal if battle not ended 1ms
       ├ù should emit reward when battle ended 1ms
       ├ù should open modal with correct config for user win 0ms
       ├ù should open modal with correct config for user loss 0ms
       ├ù should include damage totals in message for max_turns 0ms
 Γ¥» src/app/services/unit/unit.service.spec.ts (10 tests | 10 failed) 66ms
     ├ù UnitService should be created 25ms
     ├ù UnitService should find unit index 22ms
     ├ù UnitService should recount skill cooldown 3ms
     ├ù UnitService should return skill index 1ms
     ├ù UnitService should order units by distance 4ms
     ├ù UnitService should convert Coordinate to Position 2ms
     ├ù UnitService should convert Position to Coordinate 1ms
     ├ù UnitService should add debuffs to unit 1ms
     ├ù UnitService should add buffs to unit 1ms
     ├ù UnitService should update units on grid 1ms
 Γ¥» src/app/components/data-inputs/number-input/number-input.component.spec.ts (3 tests | 3 failed) 75ms
     ├ù NumberInputComponent should de created 16ms
     ├ù NumberInputComponent should get correct initial state 53ms
     ├ù NumberInputComponent should update value 2ms
 Γ¥» src/app/components/data-inputs/autocomplete-mat-input/autocomplete-mat-input.component.spec.ts (4 tests | 4 failed) 42ms
     ├ù TextInputComponent should be created 14ms
     ├ù TextInputComponent should get initial state 23ms
     ├ù TextInputComponent should open autocomplete and populate it 1ms
     ├ù TextInputComponent should filter options 1ms
 Γ¥» src/app/services/game-related/battle-state/battle-state.service.spec.ts (30 tests | 30 failed) 73ms
       ├ù should have turnCount = 1 41ms
       ├ù should have turnUser = true 11ms
       ├ù should have userTotalDamage = 0 6ms
       ├ù should have aiTotalDamage = 0 1ms
       ├ù should have maxTurnCount = 20 1ms
       ├ù should have battleActive = false 1ms
       ├ù should increment turnCount by 1 1ms
       ├ù should increment multiple times correctly 0ms
       ├ù should set turnUser to false 1ms
       ├ù should set turnUser back to true 1ms
       ├ù should accumulate positive damage 0ms
       ├ù should accumulate multiple damage values 0ms
       ├ù should ignore zero damage 1ms
       ├ù should ignore negative damage 0ms
       ├ù should not affect aiTotalDamage 0ms
       ├ù should accumulate positive damage 0ms
       ├ù should accumulate multiple damage values 0ms
       ├ù should ignore zero damage 0ms
       ├ù should ignore negative damage 0ms
       ├ù should not affect userTotalDamage 0ms
       ├ù should set battleActive to true 0ms
       ├ù should set battleActive to false 0ms
       ├ù should reset all state to defaults 0ms
       ├ù should not reset maxTurnCount 0ms
       ├ù should return a snapshot of current state 0ms
       ├ù turnCount$ should emit updated value after incrementTurnCount 0ms
       ├ù turnUser$ should emit updated value after setTurnUser 0ms
       ├ù userTotalDamage$ should emit updated value after addUserDamage 0ms
       ├ù aiTotalDamage$ should emit updated value after addAiDamage 0ms
       ├ù battleActive$ should emit updated value after setBattleActive 0ms
 Γ¥» src/app/services/effects/effects.service.spec.ts (4 tests | 4 failed) 42ms
     ├ù EffectsService should be created 25ms
     ├ù EffectsService should get mobility stats based on effect. 13ms
     ├ù EffectsService should return boosted parameter 1ms
     ├ù EffectsService should return effects 0ms
 Γ¥» src/app/services/game-related/game-logger/logger.service.spec.ts (7 tests | 7 failed) 49ms
     ├ù GameLoggerService should be created 32ms
     ├ù GameLoggerService should return empty config 11ms
     ├ù GameLoggerService should return const message 1ms
     ├ù GameLoggerService should return not battle message 1ms
     ├ù GameLoggerService should return additional DMG 1ms
     ├ù GameLoggerService should return damage message 1ms
     ├ù GameLoggerService should log defeat 2ms
 Γ¥» src/app/services/game-related/ai-turn/ai-turn.service.spec.ts (17 tests | 17 failed) 62ms
     ├ù should be created 29ms
       ├ù should return the closest alive unit 12ms
       ├ù should return null when no alive units exist 1ms
       ├ù should filter out dead units before ordering 2ms
       ├ù should call checkPassiveSkills at turn start 1ms
       ├ù should skip dead units 1ms
       ├ù should skip units with canMove: false 2ms
       ├ù should call makeAttackMove when enemy is in range 1ms
       ├ù should not call makeAttackMove when no enemy in range 2ms
       ├ù should call universalRangeAttack when enemy is in range 3ms
       ├ù should call addEffectToUnit when rage > willpower 1ms
       ├ù should not call addEffectToUnit when rage <= willpower 1ms
       ├ù should update skill cooldowns after attack 1ms
       ├ù should set canAttack to false after attack 1ms
       ├ù should set canMove to false after moving 1ms
       ├ù should delegate to fieldService.chooseAiSkill 1ms
       ├ù should calculate shortest path and return move position 1ms
 Γ¥» src/app/services/facades/heroes/heroes.service.spec.ts (7 tests | 7 failed) 31ms
     ├ù HeroesHelperService should be created 15ms
     ├ù HeroesHelperService returns all effects 10ms
     ├ù HeroesHelperService returns effects to highlight 1ms
     ├ù HeroesHelperService gives correct effect description 1ms
     ├ù HeroesHelperService gives correct ranks 1ms
     ├ù HeroesHelperService should return a hero. 1ms
     ├ù HeroesHelperService should return a hero by name. 1ms
 Γ¥» src/app/components/modal-window/strategies/component-modal-strategy/component-modal-strategy.spec.ts (2 tests | 2 failed) 34ms
       ├ù injects close and labels from config.data into the component 14ms
       ├ù parameterized: various data shapes are injected correctly 17ms
 Γ¥» src/app/services/time/time.service.spec.ts (3 tests | 3 failed) 32ms
     ├ù TimeService should be created 12ms
     ├ù TimeService should convert seconds to hours 17ms
     ├ù TimeService should give difference 1ms
 Γ¥» src/app/services/reward/reward.service.spec.ts (7 tests | 7 failed) 25ms
     ├ù RewardService should be created 12ms
     ├ù RewardService should return valid reward names 8ms
     ├ù RewardService should return correct reward loot 1ms
     ├ù RewardService should convert currency to coin 1ms
     ├ù RewardService should give reward 1ms
     ├ù RewardService should open box 1ms
     ├ù RewardService should return loot 0ms
 Γ¥» src/app/services/gift-related/gift-npc/gift-npc.service.spec.ts (3 tests | 3 failed) 22ms
     ├ù GiftNpcService should be created 11ms
     ├ù GiftNpcService should return special reward 8ms
     ├ù GiftNpcService should open a chest 1ms
 Γ¥» src/app/services/modal/modal-window.service.spec.ts (5 tests | 5 failed) 32ms
       ├ù returns a non-empty string when not frozen 16ms
       ├ù returns distinct IDs for multiple calls 10ms
       ├ù returns empty string when frozen 2ms
       ├ù does not emit to modalConfig$ when frozen 1ms
       ├ù dialogRefs size is unchanged when frozen 1ms
 Γ¥» src/app/services/game-related/game-field/game-field.service.spec.ts (5 tests | 5 failed) 31ms
     ├ù GameFieldService should be created 13ms
     ├ù GameFieldService should return a skill 10ms
     ├ù GameFieldService should return damage 2ms
     ├ù GameFieldService should give shortest path 1ms
     ├ù GameFieldService should determine af a position can be reached 3ms
 Γ¥» src/app/services/numbers/numbers.service.spec.ts (4 tests | 4 failed) 31ms
     ├ù NumbersService should be created 19ms
     ├ù NumbersService should round to step 9ms
     ├ù NumbersService should round down 1ms
     ├ù NumbersService should return a number in range 0ms
 Γ¥» src/app/services/preloading/preloading-strategy.service.spec.ts (2 tests | 2 failed) 51ms
     ├ù PreloadingStrategyService should be created 20ms
     ├ù PreloadingStrategyService should execute preload 27ms
 Γ¥» src/app/pages/gift-store/gift-store.component.spec.ts (2 tests | 2 failed) 202ms
     ├ù GiftStoreComponent should be created 13ms
     ├ù GiftStoreComponent should init layout 187ms
 Γ¥» src/app/services/game-related/auto-fight/auto-fight.service.spec.ts (13 tests | 13 failed) 23ms
       ├ù should execute all turns synchronously 12ms
       ├ù should stop when callback returns true 1ms
       ├ù should set isAutoFightActive to false after completion 1ms
       ├ù should set isAutoFightActive to true 1ms
       ├ù should clear interval when callback returns true 1ms
       ├ù should execute turns with interval timing 1ms
       ├ù should set isAutoFightActive to false 1ms
       ├ù should clear interval 1ms
       ├ù should execute callback and return result 1ms
       ├ù should return false when callback returns false 1ms
       ├ù should call stopAutoFight 0ms
       ├ù should stop active auto-fight 1ms
       ├ù should stop previous instance before starting new one 1ms
 Γ¥» src/app/services/validation/validation.service.spec.ts (6 tests | 6 failed) 34ms
     ├ù ValidationService should be created 20ms
     ├ù ValidationService should see invalid form 9ms
     ├ù ValidationService should validate form 1ms
     ├ù ValidationService should validate and submit form. Default 1ms
     ├ù ValidationService should validate and submit form. Update 1ms
     ├ù ValidationService should validate and submit form. Create 1ms
 Γ¥» src/app/services/facades/shortcut/shortcut.service.spec.ts (1 test | 1 failed) 23ms
     ├ù should be created 21ms
 Γ¥» src/app/components/display-reward/card/card.component.spec.ts (1 test | 1 failed) 14ms
     ├ù should create 12ms
 Γ¥» src/app/components/common/rating/rating.component.spec.ts (1 test | 1 failed) 18ms
     ├ù should create 17ms
 Γ¥» src/app/pages/iron-bank/exchanger/exchanger.component.spec.ts (1 test | 1 failed) 19ms
     ├ù ExchangerComponent should be created. 18ms
 Γ¥» src/app/services/lobby/lobby.service.spec.ts (1 test | 1 failed) 33ms
     ├ù should be created 31ms
 Γ¥» src/app/pages/iron-bank/deposit/deposit.component.spec.ts (1 test | 1 failed) 31ms
     ├ù DepositComponent should be created 29ms
 Γ¥» src/app/components/modal-window/modal-window.component.spec.ts (14 tests | 14 failed) 97ms
     ├ù should create 30ms
     ├ù FIX: labels is present in config.data after fix 58ms
     ├ù FIX: defeat config ΓÇö closeBtnLabel is Try again later 1ms
     ├ù FIX: labels with declineBtnLabel ΓÇö both fields present in config.data 1ms
     ├ù FIX: close callback still present alongside labels 1ms
     ├ù Property 4: data.close(true) invokes config.callback with true 1ms
     ├ù Property 4: data.close(false) invokes config.callback with false 0ms
     ├ù Property 4: data.close() with no argument invokes config.callback with undefined 1ms
     ├ù edge case: config.data undefined produces data with only close and labels 1ms
       ├ù root-level fields are preserved on result 1ms
       ├ù existing config.data fields are preserved 0ms
       ├ù close callback is a function on config.data 0ms
       ├ù property-based ΓÇö random closeBtnLabel strings round-trip on root 0ms
       ├ù base-strategy config.data gains close and labels 0ms
 Γ¥» src/app/components/views/skills-render/skills-render.component.spec.ts (3 tests | 3 failed) 130ms
     ├ù SkillsRenderComponent should be created 22ms
     ├ù SkillsRenderComponent should render all skills 104ms
     ├ù SkillsRenderComponent should render correct skills 1ms
 Γ¥» src/app/components/modal-window/deposit/modal-deposit.component.spec.ts (1 test | 1 failed) 13ms
     ├ù DepositModalComponent should be created. 12ms
 Γ¥» src/app/services/users/currency/helper/currency-helper.service.spec.ts (1 test | 1 failed) 32ms
     ├ù should be created 19ms
 Γ¥» src/app/components/heroes-related/heroes-select/hero-select-tile/hero-select-tile.component.spec.ts (1 test | 1 failed) 27ms
     ├ù should create 25ms
 Γ¥» src/app/services/users/currency/deposit.service.spec.ts (1 test | 1 failed) 23ms
     ├ù DepositService should be created 21ms
 Γ¥» src/app/services/facades/navigation/navigation.service.spec.ts (1 test | 1 failed) 47ms
     ├ù should be created 34ms
 Γ¥» src/app/pages/lobby/lobby.component.spec.ts (3 tests | 3 failed) 310ms
     ├ù LobbyComponent should be created 19ms
     ├ù LobbyComponent should render basic layout 280ms
     ├ù LobbyComponent should show daily reward 2ms
 Γ¥» src/app/app.component.spec.ts (1 test | 1 failed) 34ms
     ├ù should render title 20ms
 Γ¥» src/app/services/facades/shortcut/helpers/shortcut-helper.service.spec.ts (1 test | 1 failed) 77ms
     ├ù should be created 53ms
 Γ¥» src/app/test/test.component.spec.ts (1 test | 1 failed) 30ms
     ├ù should create 28ms
 Γ¥» src/app/components/views/basic-stores-holder/basic-stores-holder.component.spec.ts (1 test | 1 failed) 38ms
     ├ù should create 35ms
 Γ¥» src/app/components/data-inputs/text-input/text-input.component.spec.ts (1 test | 1 failed) 41ms
     ├ù TextInputComponent should de created 39ms
 Γ¥» src/app/pages/login-page/login-page.component.spec.ts (5 tests | 5 failed) 189ms
     ├ù LoginPageComponent should be created 41ms
     ├ù LoginPageComponent should be show default config 142ms
     ├ù LoginPageComponent should validate the form 2ms
     ├ù LoginPageComponent should create a new user 1ms
     ├ù LoginPageComponent should switch auth mode and create a user 1ms
 Γ¥» src/app/components/modal-window/adventure-begins/stages/choose-first-hero/choose-first-hero.component.spec.ts (1 test | 1 failed) 35ms
     ├ù ChooseFirstHeroComponent should be created 22ms
 Γ¥» src/app/components/modal-window/adventure-begins/stages/welcome/welcome.component.spec.ts (1 test | 1 failed) 36ms
     ├ù WelcomeComponent should be created 29ms
 Γ¥» src/app/components/modal-window/adventure-begins/adventure-begins.component.spec.ts (1 test | 1 failed) 31ms
     ├ù AdventureBeginsComponent should be created 30ms
 Γ¥» src/app/interceptors/params-checker/params-checker.interceptor.spec.ts (1 test | 1 failed) 36ms
     ├ù should be created 34ms
 Γ¥» src/app/services/facades/shortcut/helpers/base/shortcut-base-helper.service.spec.ts (1 test | 1 failed) 20ms
     ├ù should be created 18ms
 Γ¥» src/app/components/modal-window/adventure-begins/stages/first-battle/first-battle.component.spec.ts (1 test | 1 failed) 38ms
     ├ù should create 37ms
 Γ¥» src/app/components/modal-window/adventure-begins/stages/final/final.component.spec.ts (1 test | 1 failed) 26ms
     ├ù should create 24ms
 Γ¥» src/app/components/data-inputs/slider/slider.component.spec.ts (3 tests | 3 failed) 52ms
     ├ù SliderComponent should be created 14ms
     ├ù SliderComponent should get default state 1ms
     ├ù SliderComponent should update form when user moves slider 18ms
 Γ¥» src/app/components/data-inputs/base-select/base-select.component.spec.ts (1 test | 1 failed) 18ms
     ├ù should create 16ms
 Γ¥» src/app/services/resolver-loader/loader.service.spec.ts (0 test)
 Γ¥» src/app/services/online/online.service.spec.ts (0 test)
stderr | src/app/services/abstract/field/abstract-field.service.spec.ts
JIT compilation failed for injectable [class ActionsSubject extends BehaviorSubject]

 Γ¥» src/app/services/abstract/field/abstract-field.service.spec.ts (0 test)
stderr | src/app/services/users/users.service.spec.ts
JIT compilation failed for injectable [class HttpClient]

stderr | src/app/services/abstract/api/api.service.spec.ts
JIT compilation failed for injectable [class HttpClient]

 Γ¥» src/app/services/users/users.service.spec.ts (0 test)
 Γ¥» src/app/services/abstract/api/api.service.spec.ts (0 test)
stderr | src/app/services/game-related/game-action/game.service.spec.ts
JIT compilation failed for injectable [class PlatformLocation]

 Γ¥» src/app/services/game-related/game-action/game.service.spec.ts (0 test)
 Γ¥» src/app/pages/summon-tree/summon-tree.component.spec.ts (0 test)
 Γ£ô src/app/modules/taverna/taverna-heroes-bar/taverna-heroes-bar.component.spec.ts (1 test) 3ms
 Γ£ô src/app/directives/test/test.directive.spec.ts (1 test) 3ms
 Γ£ô src/app/components/basic-game-board/basic-game-board.component.spec.ts (1 test) 3ms
 Γ£ô src/app/modules/taverna/taverna/taverna.component.spec.ts (1 test) 3ms
 Γ¥» src/app/pages/site/site.component.spec.ts (0 test)
 Γ£ô src/app/components/heroes-related/hero-preview/hero-preview.component.spec.ts (1 test) 4ms
stderr | src/app/services/gift-related/gift/gift.service.spec.ts
JIT compilation failed for injectable [class HttpClient]

 Γ¥» src/app/services/gift-related/gift/gift.service.spec.ts (0 test)
 Γ£ô src/app/components/modal-window/notification/notification.component.spec.ts (1 test) 3ms
 Γ£ô src/app/modules/training/training-battle/training-battle.component.spec.ts (1 test) 3ms
 Γ£ô src/app/pages/iron-bank/iron-bank.component.spec.ts (1 test) 3ms
 Γ£ô src/app/modules/daily-boss/daily-boss-entry/daily-boss-entry.component.spec.ts (1 test) 3ms
 Γ£ô src/app/components/game-field/game-field.component.spec.ts (1 test) 3ms
 Γ£ô src/app/modules/daily-boss/battlefield/daily-boss-battlefield.component.spec.ts (1 test) 3ms
 Γ£ô src/app/components/game-entry-point/game-entry-point.component.spec.ts (1 test) 3ms
 Γ£ô src/app/components/form/form-errors-container/form-errors-container.component.spec.ts (1 test) 3ms
 Γ£ô src/app/services/daily-reward/daily-reward.service.spec.ts (1 test) 4ms
 Γ£ô src/app/directives/debounce-click/debounce-click.directive.spec.ts (1 test) 4ms
 Γ£ô src/app/components/heroes-related/heroes-select-preview/heroes-select-preview.component.spec.ts (1 test) 3ms
 Γ£ô src/app/interceptors/logger/logger.interceptor.spec.ts (1 test) 3ms
 Γ£ô src/app/components/heroes-related/heroes-select/heroes-select.component.spec.ts (1 test) 3ms
 Γ£ô src/app/components/common/rewards-calendar/rewards-calendar.component.spec.ts (1 test) 3ms
 Γ£ô src/app/interceptors/auth/auth.interceptor.spec.ts (1 test) 4ms
 Γ£ô src/app/helpers.spec.ts (2 tests) 4ms
 Γ£ô src/app/components/modal-window/dynamic-host/dynamic-host.component.spec.ts (1 test) 3ms
 Γ£ô src/app/modules/daily-boss/lobby/daily-boss-lobby.component.spec.ts (1 test) 3ms
 Γ£ô src/app/components/debuffs-bar/debuffs-bar.component.spec.ts (1 test) 3ms
 Γ£ô src/app/components/display-reward/display-reward.component.spec.ts (1 test) 3ms
 Γ£ô src/app/services/notifications/notifications.service.spec.ts (1 test) 3ms
 Γ£ô src/app/components/form/error-field/error-field.component.spec.ts (1 test) 3ms
 Γ£ô src/app/components/daily-reward/daily-reward.component.spec.ts (1 test) 3ms
 Γ£ô src/app/services/localStorage/local-storage.service.spec.ts (1 test) 3ms
 Γ£ô src/app/directives/context-menu-trigger/context-menu-trigger.directive.spec.ts (1 test) 3ms
 Γ£ô src/app/components/common/effects-highlighter/effects-highlighter.component.spec.ts (1 test) 3ms
 Γ£ô src/app/components/abstract/abstract-control/base-select-form-control/base-select-form-control.component.spec.ts (1 test) 3ms
 Γ£ô src/app/modules/taverna/taverna-inner-container/taverna-inner-container.component.spec.ts (1 test) 3ms
 Γ£ô src/app/components/common/pin-badge/pin-badge.component.spec.ts (1 test) 3ms
 Γ£ô src/app/modules/training/training/training.component.spec.ts (1 test) 3ms
 Γ£ô src/app/components/abstract/abstract-control/base-form-control/base-form-control.component.spec.ts (1 test) 3ms
 Γ£ô src/app/modules/training/training-config/training-config.component.spec.ts (1 test) 3ms
 Γ£ô src/app/components/common/header/header.component.spec.ts (1 test) 3ms
 Γ£ô src/app/directives/outside-click/outside-click.directive.spec.ts (1 test) 3ms

ΓÄ»ΓÄ»ΓÄ»ΓÄ»ΓÄ»ΓÄ» Failed Suites 9 ΓÄ»ΓÄ»ΓÄ»ΓÄ»ΓÄ»ΓÄ»ΓÄ»

 FAIL  src/app/pages/site/site.component.spec.ts [ src/app/pages/site/site.component.spec.ts ]
Error: zone-testing.js is needed for the fakeAsync() test helper but could not be found.
        Please make sure that your environment includes zone.js/testing
 Γ¥» fakeAsync 
../darwin_arm64-fastbuild-ST-2d99d9656325/bin/packages/core/testing/src/fake_async.ts:65:3
 Γ¥» src/app/pages/site/site.component.spec.ts:51:60
     49|   });
     50|
     51|   it('SiteComponent should redirect an unauthorized user', fakeAsync((ΓÇª
       |                                                            ^
     52|     tick();
     53|     expect(navigationServiceSpy.goToLogin.calls.count()).toBe(1);

ΓÄ»ΓÄ»ΓÄ»ΓÄ»ΓÄ»ΓÄ»ΓÄ»ΓÄ»ΓÄ»ΓÄ»ΓÄ»ΓÄ»ΓÄ»ΓÄ»ΓÄ»ΓÄ»ΓÄ»ΓÄ»ΓÄ»ΓÄ»ΓÄ»ΓÄ»[1/232]ΓÄ»

 FAIL  src/app/pages/summon-tree/summon-tree.component.spec.ts [ 
src/app/pages/summon-tree/summon-tree.component.spec.ts ]
Error: zone-testing.js is needed for the fakeAsync() test helper but could not be found.
        Please make sure that your environment includes zone.js/testing
 Γ¥» fakeAsync 
../darwin_arm64-fastbuild-ST-2d99d9656325/bin/packages/core/testing/src/fake_async.ts:65:3
 Γ¥» src/app/pages/summon-tree/summon-tree.component.spec.ts:63:62
     61|   });
     62|
     63|   it('SummonTreeComponent should redirect to the main page', fakeAsyncΓÇª
       |                                                              ^
     64|     component.goToMainPage();
     65|     tick();

ΓÄ»ΓÄ»ΓÄ»ΓÄ»ΓÄ»ΓÄ»ΓÄ»ΓÄ»ΓÄ»ΓÄ»ΓÄ»ΓÄ»ΓÄ»ΓÄ»ΓÄ»ΓÄ»ΓÄ»ΓÄ»ΓÄ»ΓÄ»ΓÄ»ΓÄ»[2/232]ΓÄ»

 FAIL  src/app/services/online/online.service.spec.ts [ 
src/app/services/online/online.service.spec.ts ]
Error: zone-testing.js is needed for the fakeAsync() test helper but could not be found.
        Please make sure that your environment includes zone.js/testing
 Γ¥» fakeAsync 
../darwin_arm64-fastbuild-ST-2d99d9656325/bin/packages/core/testing/src/fake_async.ts:65:3
 Γ¥» src/app/services/online/online.service.spec.ts:36:48
     34|   });
     35|
     36|   it('OnlineService should give local buffer', fakeAsync(() => {
       |                                                ^
     37|     let buffer = onlineService.localBuffer;
     38|

ΓÄ»ΓÄ»ΓÄ»ΓÄ»ΓÄ»ΓÄ»ΓÄ»ΓÄ»ΓÄ»ΓÄ»ΓÄ»ΓÄ»ΓÄ»ΓÄ»ΓÄ»ΓÄ»ΓÄ»ΓÄ»ΓÄ»ΓÄ»ΓÄ»ΓÄ»[3/232]ΓÄ»

 FAIL  src/app/services/resolver-loader/loader.service.spec.ts [ 
src/app/services/resolver-loader/loader.service.spec.ts ]
Error: zone-testing.js is needed for the fakeAsync() test helper but could not be found.
        Please make sure that your environment includes zone.js/testing
 Γ¥» fakeAsync 
../darwin_arm64-fastbuild-ST-2d99d9656325/bin/packages/core/testing/src/fake_async.ts:65:3
 Γ¥» src/app/services/resolver-loader/loader.service.spec.ts:37:40
     35|   });
     36|
     37|   it('LoaderService check start/stop', fakeAsync(() => {
       |                                        ^
     38|     //Add loader
     39|     loaderService.start();

ΓÄ»ΓÄ»ΓÄ»ΓÄ»ΓÄ»ΓÄ»ΓÄ»ΓÄ»ΓÄ»ΓÄ»ΓÄ»ΓÄ»ΓÄ»ΓÄ»ΓÄ»ΓÄ»ΓÄ»ΓÄ»ΓÄ»ΓÄ»ΓÄ»ΓÄ»[4/232]ΓÄ»

 FAIL  src/app/services/users/users.service.spec.ts [ 
src/app/services/users/users.service.spec.ts ]
 FAIL  src/app/services/abstract/api/api.service.spec.ts [ 
src/app/services/abstract/api/api.service.spec.ts ]
 FAIL  src/app/services/gift-related/gift/gift.service.spec.ts [ 
src/app/services/gift-related/gift/gift.service.spec.ts ]
Error: The injectable 'HttpClient' needs to be compiled using the JIT compiler, but 
'@angular/compiler' is not available.

The injectable is part of a library that has been partially compiled.
However, the Angular Linker has not processed the library such that JIT compilation is used 
as fallback.

Ideally, the library is processed using the Angular Linker to become fully AOT compiled.
Alternatively, the JIT compiler should be loaded by bootstrapping using 
'@angular/platform-browser-dynamic' or '@angular/platform-server',
or manually provide the compiler with 'import "@angular/compiler";' before bootstrapping.
 Γ¥» getCompilerFacade ../darwin_arm64-fastbuild-ST-2d99d9656325/bin/packages/core/src/compile
r/compiler_facade.ts:45:10
 Γ¥» Module.╔╡╔╡ngDeclareFactory 
../darwin_arm64-fastbuild-ST-2d99d9656325/bin/packages/core/src/render3/jit/partial.ts:107:19
 Γ¥» Function.<static_initializer> 
node_modules/@angular/common/fesm2022/module-JS82OH2B.mjs:1568:22
 Γ¥» ../darwin_arm64-fastbuild-ST-2d99d9656325/bin/packages/common/http/src/response.ts:385:12
 Γ¥» src/app/services/abstract/api/api.service.ts:3:1
      1| import { inject, Injectable, signal } from '@angular/core';
      2| import { map, Observable, pipe, tap } from 'rxjs';
      3| import { HttpClient } from '@angular/common/http';
       | ^
      4| import { LocalStorageService } from '../../localStorage/local-storage.ΓÇª
      5| import { IdEntity } from '../../../models/common.model';

ΓÄ»ΓÄ»ΓÄ»ΓÄ»ΓÄ»ΓÄ»ΓÄ»ΓÄ»ΓÄ»ΓÄ»ΓÄ»ΓÄ»ΓÄ»ΓÄ»ΓÄ»ΓÄ»ΓÄ»ΓÄ»ΓÄ»ΓÄ»ΓÄ»ΓÄ»[5/232]ΓÄ»

 FAIL  src/app/services/abstract/field/abstract-field.service.spec.ts [ 
src/app/services/abstract/field/abstract-field.service.spec.ts ]
Error: The injectable 'ActionsSubject' needs to be compiled using the JIT compiler, but 
'@angular/compiler' is not available.

The injectable is part of a library that has been partially compiled.
However, the Angular Linker has not processed the library such that JIT compilation is used 
as fallback.

Ideally, the library is processed using the Angular Linker to become fully AOT compiled.
Alternatively, the JIT compiler should be loaded by bootstrapping using 
'@angular/platform-browser-dynamic' or '@angular/platform-server',
or manually provide the compiler with 'import "@angular/compiler";' before bootstrapping.
 Γ¥» getCompilerFacade ../darwin_arm64-fastbuild-ST-2d99d9656325/bin/packages/core/src/compile
r/compiler_facade.ts:45:10
 Γ¥» Module.╔╡╔╡ngDeclareFactory 
../darwin_arm64-fastbuild-ST-2d99d9656325/bin/packages/core/src/render3/jit/partial.ts:107:19
 Γ¥» Function.<static_initializer> node_modules/@ngrx/store/fesm2022/ngrx-store.mjs:222:48
 Γ¥» modules/store/src/actions_subject.ts:10:10
 Γ¥» src/app/services/abstract/field/abstract-field.service.ts:3:1
      1| import { inject, Injectable } from '@angular/core';
      2| import { GameFieldVars, Position, Tile, TileUnit } from '../../../modeΓÇª
      3| import { Store } from '@ngrx/store';
       | ^
      4| import { selectGameFieldConfig } from '../../../store/reducers/game-boΓÇª
      5| import { GameField } from '../../../components/abstract/abstract-game-ΓÇª

ΓÄ»ΓÄ»ΓÄ»ΓÄ»ΓÄ»ΓÄ»ΓÄ»ΓÄ»ΓÄ»ΓÄ»ΓÄ»ΓÄ»ΓÄ»ΓÄ»ΓÄ»ΓÄ»ΓÄ»ΓÄ»ΓÄ»ΓÄ»ΓÄ»ΓÄ»[6/232]ΓÄ»

 FAIL  src/app/services/game-related/game-action/game.service.spec.ts [ 
src/app/services/game-related/game-action/game.service.spec.ts ]
Error: The injectable 'PlatformLocation' needs to be compiled using the JIT compiler, but 
'@angular/compiler' is not available.

The injectable is part of a library that has been partially compiled.
However, the Angular Linker has not processed the library such that JIT compilation is used 
as fallback.

Ideally, the library is processed using the Angular Linker to become fully AOT compiled.
Alternatively, the JIT compiler should be loaded by bootstrapping using 
'@angular/platform-browser-dynamic' or '@angular/platform-server',
or manually provide the compiler with 'import "@angular/compiler";' before bootstrapping.
 Γ¥» getCompilerFacade ../darwin_arm64-fastbuild-ST-2d99d9656325/bin/packages/core/src/compile
r/compiler_facade.ts:45:10
 Γ¥» Module.╔╡╔╡ngDeclareFactory 
../darwin_arm64-fastbuild-ST-2d99d9656325/bin/packages/core/src/render3/jit/partial.ts:107:19
 Γ¥» Function.<static_initializer> 
node_modules/@angular/common/fesm2022/location-Dq4mJT-A.mjs:54:22
 Γ¥» node_modules/@angular/common/fesm2022/location-Dq4mJT-A.mjs:25:1
 Γ¥» src/app/services/modal/modal-window.service.ts:4:1
      2| import { BehaviorSubject } from 'rxjs';
      3| import { ModalBaseLabels, ModalConfig } from '../../components/modal-wΓÇª
      4| import { MatDialog, MatDialogRef } from '@angular/material/dialog';
       | ^
      5| import { ModalDialogRefs } from '../../models/modal.model';
      6| import { MatSnackBar } from '@angular/material/snack-bar';

ΓÄ»ΓÄ»ΓÄ»ΓÄ»ΓÄ»ΓÄ»ΓÄ»ΓÄ»ΓÄ»ΓÄ»ΓÄ»ΓÄ»ΓÄ»ΓÄ»ΓÄ»ΓÄ»ΓÄ»ΓÄ»ΓÄ»ΓÄ»ΓÄ»ΓÄ»[7/232]ΓÄ»


ΓÄ»ΓÄ»ΓÄ»ΓÄ»ΓÄ»ΓÄ» Failed Tests 210 ΓÄ»ΓÄ»ΓÄ»ΓÄ»ΓÄ»ΓÄ»

 FAIL  src/app/app.component.spec.ts > AppComponent > should render title
Error: Need to call TestBed.initTestEnvironment() first
 Γ¥» _TestBedImpl.get compiler [as compiler] 
../darwin_arm64-fastbuild-ST-2d99d9656325/bin/packages/core/testing/src/test_bed.ts:687:7
 Γ¥» _TestBedImpl.configureTestingModule 
../darwin_arm64-fastbuild-ST-2d99d9656325/bin/packages/core/testing/src/test_bed.ts:541:5
 Γ¥» Function.configureTestingModule 
../darwin_arm64-fastbuild-ST-2d99d9656325/bin/packages/core/testing/src/test_bed.ts:272:13
 Γ¥» src/app/app.component.spec.ts:7:19
      5| describe('AppComponent', () => {
      6|   beforeEach(async () => {
      7|     await TestBed.configureTestingModule({
       |                   ^
      8|       imports: [AppComponent],
      9|     }).compileComponents();

ΓÄ»ΓÄ»ΓÄ»ΓÄ»ΓÄ»ΓÄ»ΓÄ»ΓÄ»ΓÄ»ΓÄ»ΓÄ»ΓÄ»ΓÄ»ΓÄ»ΓÄ»ΓÄ»ΓÄ»ΓÄ»ΓÄ»ΓÄ»ΓÄ»ΓÄ»[8/232]ΓÄ»

 FAIL  src/app/test/test.component.spec.ts > TestComponent > should create
Error: Need to call TestBed.initTestEnvironment() first
 Γ¥» _TestBedImpl.get compiler [as compiler] 
../darwin_arm64-fastbuild-ST-2d99d9656325/bin/packages/core/testing/src/test_bed.ts:687:7
 Γ¥» _TestBedImpl.configureTestingModule 
../darwin_arm64-fastbuild-ST-2d99d9656325/bin/packages/core/testing/src/test_bed.ts:541:5
 Γ¥» Function.configureTestingModule 
../darwin_arm64-fastbuild-ST-2d99d9656325/bin/packages/core/testing/src/test_bed.ts:272:13
 Γ¥» src/app/test/test.component.spec.ts:11:19
      9|
     10|   beforeEach(async () => {
     11|     await TestBed.configureTestingModule({
       |                   ^
     12|       imports: [TestComponent],
     13|     }).compileComponents();

ΓÄ»ΓÄ»ΓÄ»ΓÄ»ΓÄ»ΓÄ»ΓÄ»ΓÄ»ΓÄ»ΓÄ»ΓÄ»ΓÄ»ΓÄ»ΓÄ»ΓÄ»ΓÄ»ΓÄ»ΓÄ»ΓÄ»ΓÄ»ΓÄ»ΓÄ»[9/232]ΓÄ»

 FAIL  src/app/components/modal-window/modal-window.component.spec.ts > ModalWindowComponent 
> should create
Error: Need to call TestBed.initTestEnvironment() first
 Γ¥» _TestBedImpl.get compiler [as compiler] 
../darwin_arm64-fastbuild-ST-2d99d9656325/bin/packages/core/testing/src/test_bed.ts:687:7
 Γ¥» _TestBedImpl.configureTestingModule 
../darwin_arm64-fastbuild-ST-2d99d9656325/bin/packages/core/testing/src/test_bed.ts:541:5
 Γ¥» Function.configureTestingModule 
../darwin_arm64-fastbuild-ST-2d99d9656325/bin/packages/core/testing/src/test_bed.ts:272:13
 Γ¥» src/app/components/modal-window/modal-window.component.spec.ts:27:19
     25|
     26|   beforeEach(async () => {
     27|     await TestBed.configureTestingModule({
       |                   ^
     28|       imports: [ModalWindowComponent],
     29|       providers: [{ provide: ModalWindowService, useValue: mockModalWiΓÇª

ΓÄ»ΓÄ»ΓÄ»ΓÄ»ΓÄ»ΓÄ»ΓÄ»ΓÄ»ΓÄ»ΓÄ»ΓÄ»ΓÄ»ΓÄ»ΓÄ»ΓÄ»ΓÄ»ΓÄ»ΓÄ»ΓÄ»ΓÄ»ΓÄ»[10/232]ΓÄ»

 FAIL  src/app/components/modal-window/modal-window.component.spec.ts > ModalWindowComponent 
> FIX: labels is present in config.data after fix
 FAIL  src/app/components/modal-window/modal-window.component.spec.ts > ModalWindowComponent 
> FIX: defeat config ΓÇö closeBtnLabel is Try again later
 FAIL  src/app/components/modal-window/modal-window.component.spec.ts > ModalWindowComponent 
> FIX: labels with declineBtnLabel ΓÇö both fields present in config.data
 FAIL  src/app/components/modal-window/modal-window.component.spec.ts > ModalWindowComponent 
> FIX: close callback still present alongside labels
 FAIL  src/app/components/modal-window/modal-window.component.spec.ts > ModalWindowComponent 
> Property 4: data.close(true) invokes config.callback with true
 FAIL  src/app/components/modal-window/modal-window.component.spec.ts > ModalWindowComponent 
> Property 4: data.close(false) invokes config.callback with false
 FAIL  src/app/components/modal-window/modal-window.component.spec.ts > ModalWindowComponent 
> Property 4: data.close() with no argument invokes config.callback with undefined
 FAIL  src/app/components/modal-window/modal-window.component.spec.ts > ModalWindowComponent 
> edge case: config.data undefined produces data with only close and labels
 FAIL  src/app/components/modal-window/modal-window.component.spec.ts > ModalWindowComponent 
> getContextConfig() ΓÇö preservation > root-level fields are preserved on result
 FAIL  src/app/components/modal-window/modal-window.component.spec.ts > ModalWindowComponent 
> getContextConfig() ΓÇö preservation > existing config.data fields are preserved
 FAIL  src/app/components/modal-window/modal-window.component.spec.ts > ModalWindowComponent 
> getContextConfig() ΓÇö preservation > close callback is a function on config.data
 FAIL  src/app/components/modal-window/modal-window.component.spec.ts > ModalWindowComponent 
> getContextConfig() ΓÇö preservation > property-based ΓÇö random closeBtnLabel strings 
round-trip on root
 FAIL  src/app/components/modal-window/modal-window.component.spec.ts > ModalWindowComponent 
> getContextConfig() ΓÇö preservation > base-strategy config.data gains close and labels
 FAIL  src/app/pages/gift-store/gift-store.component.spec.ts > GiftStoreComponent > 
GiftStoreComponent should init layout
 FAIL  src/app/pages/lobby/lobby.component.spec.ts > LobbyComponent > LobbyComponent should 
render basic layout
 FAIL  src/app/pages/lobby/lobby.component.spec.ts > LobbyComponent > LobbyComponent should 
show daily reward
 FAIL  src/app/pages/login-page/login-page.component.spec.ts > LoginPageComponent > 
LoginPageComponent should be show default config
 FAIL  src/app/pages/login-page/login-page.component.spec.ts > LoginPageComponent > 
LoginPageComponent should validate the form
 FAIL  src/app/pages/login-page/login-page.component.spec.ts > LoginPageComponent > 
LoginPageComponent should create a new user
 FAIL  src/app/pages/login-page/login-page.component.spec.ts > LoginPageComponent > 
LoginPageComponent should switch auth mode and create a user
 FAIL  src/app/services/effects/effects.service.spec.ts > EffectsService > EffectsService 
should get mobility stats based on effect.
 FAIL  src/app/services/effects/effects.service.spec.ts > EffectsService > EffectsService 
should return boosted parameter
 FAIL  src/app/services/effects/effects.service.spec.ts > EffectsService > EffectsService 
should return effects
 FAIL  src/app/services/modal/modal-window.service.spec.ts > ModalWindowService > Property 6: 
openModal() returns unique dialogId strings > returns distinct IDs for multiple calls
 FAIL  src/app/services/modal/modal-window.service.spec.ts > ModalWindowService > Property 5: 
openModal() is suppressed when frozen > returns empty string when frozen
 FAIL  src/app/services/modal/modal-window.service.spec.ts > ModalWindowService > Property 5: 
openModal() is suppressed when frozen > does not emit to modalConfig$ when frozen
 FAIL  src/app/services/modal/modal-window.service.spec.ts > ModalWindowService > Property 5: 
openModal() is suppressed when frozen > dialogRefs size is unchanged when frozen
 FAIL  src/app/services/numbers/numbers.service.spec.ts > NumbersService > NumbersService 
should round to step
 FAIL  src/app/services/numbers/numbers.service.spec.ts > NumbersService > NumbersService 
should round down
 FAIL  src/app/services/numbers/numbers.service.spec.ts > NumbersService > NumbersService 
should return a number in range
 FAIL  src/app/services/preloading/preloading-strategy.service.spec.ts > 
PreloadingStrategyService > PreloadingStrategyService should execute preload
 FAIL  src/app/services/reward/reward.service.spec.ts > RewardService > RewardService should 
return valid reward names
 FAIL  src/app/services/reward/reward.service.spec.ts > RewardService > RewardService should 
return correct reward loot
 FAIL  src/app/services/reward/reward.service.spec.ts > RewardService > RewardService should 
convert currency to coin
 FAIL  src/app/services/reward/reward.service.spec.ts > RewardService > RewardService should 
give reward
 FAIL  src/app/services/reward/reward.service.spec.ts > RewardService > RewardService should 
open box
 FAIL  src/app/services/reward/reward.service.spec.ts > RewardService > RewardService should 
return loot
 FAIL  src/app/services/time/time.service.spec.ts > TimeService > TimeService should convert 
seconds to hours
 FAIL  src/app/services/time/time.service.spec.ts > TimeService > TimeService should give 
difference
 FAIL  src/app/services/unit/unit.service.spec.ts > UnitService > UnitService should find 
unit index
 FAIL  src/app/services/unit/unit.service.spec.ts > UnitService > UnitService should recount 
skill cooldown
 FAIL  src/app/services/unit/unit.service.spec.ts > UnitService > UnitService should return 
skill index
 FAIL  src/app/services/unit/unit.service.spec.ts > UnitService > UnitService should order 
units by distance
 FAIL  src/app/services/unit/unit.service.spec.ts > UnitService > UnitService should convert 
Coordinate to Position
 FAIL  src/app/services/unit/unit.service.spec.ts > UnitService > UnitService should convert 
Position to Coordinate
 FAIL  src/app/services/unit/unit.service.spec.ts > UnitService > UnitService should add 
debuffs to unit
 FAIL  src/app/services/unit/unit.service.spec.ts > UnitService > UnitService should add 
buffs to unit
 FAIL  src/app/services/unit/unit.service.spec.ts > UnitService > UnitService should update 
units on grid
 FAIL  src/app/services/validation/validation.service.spec.ts > ValidationService > 
ValidationService should see invalid form
 FAIL  src/app/services/validation/validation.service.spec.ts > ValidationService > 
ValidationService should validate form
 FAIL  src/app/services/validation/validation.service.spec.ts > ValidationService > 
ValidationService should validate and submit form. Default
 FAIL  src/app/services/validation/validation.service.spec.ts > ValidationService > 
ValidationService should validate and submit form. Update
 FAIL  src/app/services/validation/validation.service.spec.ts > ValidationService > 
ValidationService should validate and submit form. Create
 FAIL  src/app/components/data-inputs/autocomplete-mat-input/autocomplete-mat-input.component.
spec.ts > TextInputComponent > TextInputComponent should get initial state
 FAIL  src/app/components/data-inputs/autocomplete-mat-input/autocomplete-mat-input.component.
spec.ts > TextInputComponent > TextInputComponent should open autocomplete and populate it
 FAIL  src/app/components/data-inputs/autocomplete-mat-input/autocomplete-mat-input.component.
spec.ts > TextInputComponent > TextInputComponent should filter options
 FAIL  src/app/components/data-inputs/number-input/number-input.component.spec.ts > 
NumberInputComponent > NumberInputComponent should get correct initial state
 FAIL  src/app/components/data-inputs/number-input/number-input.component.spec.ts > 
NumberInputComponent > NumberInputComponent should update value
 FAIL  src/app/components/modal-window/after-battle/after-battle.component.spec.ts > 
AfterBattleComponent > renders headerMessage from data
 FAIL  src/app/components/modal-window/after-battle/after-battle.component.spec.ts > 
AfterBattleComponent > renders closeBtnLabel from data.labels
 FAIL  src/app/components/modal-window/after-battle/after-battle.component.spec.ts > 
AfterBattleComponent > calls data.close when button is clicked
 FAIL  src/app/components/views/image/image.component.spec.ts > ImageComponent > 
ImageComponent should render the image
 FAIL  src/app/components/views/skills-render/skills-render.component.spec.ts > 
SkillsRenderComponent > SkillsRenderComponent should render all skills
 FAIL  src/app/components/views/skills-render/skills-render.component.spec.ts > 
SkillsRenderComponent > SkillsRenderComponent should render correct skills
 FAIL  src/app/components/views/stats/stats.component.spec.ts > StatsComponent > 
StatsComponent should display the selected unit
 FAIL  src/app/services/facades/heroes/heroes.service.spec.ts > HeroesHelperService > 
HeroesHelperService returns all effects
 FAIL  src/app/services/facades/heroes/heroes.service.spec.ts > HeroesHelperService > 
HeroesHelperService returns effects to highlight
 FAIL  src/app/services/facades/heroes/heroes.service.spec.ts > HeroesHelperService > 
HeroesHelperService gives correct effect description
 FAIL  src/app/services/facades/heroes/heroes.service.spec.ts > HeroesHelperService > 
HeroesHelperService gives correct ranks
 FAIL  src/app/services/facades/heroes/heroes.service.spec.ts > HeroesHelperService > 
HeroesHelperService should return a hero.
 FAIL  src/app/services/facades/heroes/heroes.service.spec.ts > HeroesHelperService > 
HeroesHelperService should return a hero by name.
 FAIL  src/app/services/game-related/ai-turn/ai-turn.service.spec.ts > AiTurnService > 
selectTarget > should return the closest alive unit
 FAIL  src/app/services/game-related/ai-turn/ai-turn.service.spec.ts > AiTurnService > 
selectTarget > should return null when no alive units exist
 FAIL  src/app/services/game-related/ai-turn/ai-turn.service.spec.ts > AiTurnService > 
selectTarget > should filter out dead units before ordering
 FAIL  src/app/services/game-related/ai-turn/ai-turn.service.spec.ts > AiTurnService > 
executeAiTurn > should call checkPassiveSkills at turn start
 FAIL  src/app/services/game-related/ai-turn/ai-turn.service.spec.ts > AiTurnService > 
executeAiTurn > should skip dead units
 FAIL  src/app/services/game-related/ai-turn/ai-turn.service.spec.ts > AiTurnService > 
executeAiTurn > should skip units with canMove: false
 FAIL  src/app/services/game-related/ai-turn/ai-turn.service.spec.ts > AiTurnService > 
executeAiTurn > should call makeAttackMove when enemy is in range
 FAIL  src/app/services/game-related/ai-turn/ai-turn.service.spec.ts > AiTurnService > 
executeAiTurn > should not call makeAttackMove when no enemy in range
 FAIL  src/app/services/game-related/ai-turn/ai-turn.service.spec.ts > AiTurnService > 
executeAiTurn > should call universalRangeAttack when enemy is in range
 FAIL  src/app/services/game-related/ai-turn/ai-turn.service.spec.ts > AiTurnService > 
executeAiTurn > should call addEffectToUnit when rage > willpower
 FAIL  src/app/services/game-related/ai-turn/ai-turn.service.spec.ts > AiTurnService > 
executeAiTurn > should not call addEffectToUnit when rage <= willpower
 FAIL  src/app/services/game-related/ai-turn/ai-turn.service.spec.ts > AiTurnService > 
executeAiTurn > should update skill cooldowns after attack
 FAIL  src/app/services/game-related/ai-turn/ai-turn.service.spec.ts > AiTurnService > 
executeAiTurn > should set canAttack to false after attack
 FAIL  src/app/services/game-related/ai-turn/ai-turn.service.spec.ts > AiTurnService > 
executeAiTurn > should set canMove to false after moving
 FAIL  src/app/services/game-related/ai-turn/ai-turn.service.spec.ts > AiTurnService > 
chooseSkill > should delegate to fieldService.chooseAiSkill
 FAIL  src/app/services/game-related/ai-turn/ai-turn.service.spec.ts > AiTurnService > 
moveAiUnit > should calculate shortest path and return move position
 FAIL  src/app/services/game-related/battle-state/battle-state.service.spec.ts > 
BattleStateService > initial values > should have turnUser = true
 FAIL  src/app/services/game-related/battle-state/battle-state.service.spec.ts > 
BattleStateService > initial values > should have userTotalDamage = 0
 FAIL  src/app/services/game-related/battle-state/battle-state.service.spec.ts > 
BattleStateService > initial values > should have aiTotalDamage = 0
 FAIL  src/app/services/game-related/battle-state/battle-state.service.spec.ts > 
BattleStateService > initial values > should have maxTurnCount = 20
 FAIL  src/app/services/game-related/battle-state/battle-state.service.spec.ts > 
BattleStateService > initial values > should have battleActive = false
 FAIL  src/app/services/game-related/battle-state/battle-state.service.spec.ts > 
BattleStateService > incrementTurnCount > should increment turnCount by 1
 FAIL  src/app/services/game-related/battle-state/battle-state.service.spec.ts > 
BattleStateService > incrementTurnCount > should increment multiple times correctly
 FAIL  src/app/services/game-related/battle-state/battle-state.service.spec.ts > 
BattleStateService > setTurnUser > should set turnUser to false
 FAIL  src/app/services/game-related/battle-state/battle-state.service.spec.ts > 
BattleStateService > setTurnUser > should set turnUser back to true
 FAIL  src/app/services/game-related/battle-state/battle-state.service.spec.ts > 
BattleStateService > addUserDamage > should accumulate positive damage
 FAIL  src/app/services/game-related/battle-state/battle-state.service.spec.ts > 
BattleStateService > addUserDamage > should accumulate multiple damage values
 FAIL  src/app/services/game-related/battle-state/battle-state.service.spec.ts > 
BattleStateService > addUserDamage > should ignore zero damage
 FAIL  src/app/services/game-related/battle-state/battle-state.service.spec.ts > 
BattleStateService > addUserDamage > should ignore negative damage
 FAIL  src/app/services/game-related/battle-state/battle-state.service.spec.ts > 
BattleStateService > addUserDamage > should not affect aiTotalDamage
 FAIL  src/app/services/game-related/battle-state/battle-state.service.spec.ts > 
BattleStateService > addAiDamage > should accumulate positive damage
 FAIL  src/app/services/game-related/battle-state/battle-state.service.spec.ts > 
BattleStateService > addAiDamage > should accumulate multiple damage values
 FAIL  src/app/services/game-related/battle-state/battle-state.service.spec.ts > 
BattleStateService > addAiDamage > should ignore zero damage
 FAIL  src/app/services/game-related/battle-state/battle-state.service.spec.ts > 
BattleStateService > addAiDamage > should ignore negative damage
 FAIL  src/app/services/game-related/battle-state/battle-state.service.spec.ts > 
BattleStateService > addAiDamage > should not affect userTotalDamage
 FAIL  src/app/services/game-related/battle-state/battle-state.service.spec.ts > 
BattleStateService > setBattleActive > should set battleActive to true
 FAIL  src/app/services/game-related/battle-state/battle-state.service.spec.ts > 
BattleStateService > setBattleActive > should set battleActive to false
 FAIL  src/app/services/game-related/battle-state/battle-state.service.spec.ts > 
BattleStateService > resetBattleState > should reset all state to defaults
 FAIL  src/app/services/game-related/battle-state/battle-state.service.spec.ts > 
BattleStateService > resetBattleState > should not reset maxTurnCount
 FAIL  src/app/services/game-related/battle-state/battle-state.service.spec.ts > 
BattleStateService > getState > should return a snapshot of current state
 FAIL  src/app/services/game-related/battle-state/battle-state.service.spec.ts > 
BattleStateService > observables > turnCount$ should emit updated value after 
incrementTurnCount
 FAIL  src/app/services/game-related/battle-state/battle-state.service.spec.ts > 
BattleStateService > observables > turnUser$ should emit updated value after setTurnUser
 FAIL  src/app/services/game-related/battle-state/battle-state.service.spec.ts > 
BattleStateService > observables > userTotalDamage$ should emit updated value after 
addUserDamage
 FAIL  src/app/services/game-related/battle-state/battle-state.service.spec.ts > 
BattleStateService > observables > aiTotalDamage$ should emit updated value after addAiDamage
 FAIL  src/app/services/game-related/battle-state/battle-state.service.spec.ts > 
BattleStateService > observables > battleActive$ should emit updated value after 
setBattleActive
 FAIL  src/app/services/game-related/game-field/game-field.service.spec.ts > GameFieldService 
> GameFieldService should return a skill
 FAIL  src/app/services/game-related/game-field/game-field.service.spec.ts > GameFieldService 
> GameFieldService should return damage
 FAIL  src/app/services/game-related/game-field/game-field.service.spec.ts > GameFieldService 
> GameFieldService should give shortest path
 FAIL  src/app/services/game-related/game-field/game-field.service.spec.ts > GameFieldService 
> GameFieldService should determine af a position can be reached
 FAIL  src/app/services/gift-related/gift-npc/gift-npc.service.spec.ts > GiftNpcService > 
GiftNpcService should return special reward
 FAIL  src/app/services/gift-related/gift-npc/gift-npc.service.spec.ts > GiftNpcService > 
GiftNpcService should open a chest
 FAIL  src/app/services/game-related/battle-result/battle-result.service.spec.ts > 
BattleResultService > checkBattleEnd > should detect user loss when all user units dead
 FAIL  src/app/services/game-related/battle-result/battle-result.service.spec.ts > 
BattleResultService > checkBattleEnd > should detect user win when all AI units dead
 FAIL  src/app/services/game-related/battle-result/battle-result.service.spec.ts > 
BattleResultService > checkBattleEnd > should detect max turns reached
 FAIL  src/app/services/game-related/battle-result/battle-result.service.spec.ts > 
BattleResultService > checkBattleEnd > should continue battle when conditions not met
 FAIL  src/app/services/game-related/battle-result/battle-result.service.spec.ts > 
BattleResultService > determineWinnerByDamage > should return user when user dealt more damage
 FAIL  src/app/services/game-related/battle-result/battle-result.service.spec.ts > 
BattleResultService > determineWinnerByDamage > should return ai when AI dealt more damage
 FAIL  src/app/services/game-related/battle-result/battle-result.service.spec.ts > 
BattleResultService > determineWinnerByDamage > should return ai on equal damage (tie goes to 
AI)
 FAIL  src/app/services/game-related/battle-result/battle-result.service.spec.ts > 
BattleResultService > showBattleResult > should not show modal if battle not ended
 FAIL  src/app/services/game-related/battle-result/battle-result.service.spec.ts > 
BattleResultService > showBattleResult > should emit reward when battle ended
 FAIL  src/app/services/game-related/battle-result/battle-result.service.spec.ts > 
BattleResultService > showBattleResult > should open modal with correct config for user win
 FAIL  src/app/services/game-related/battle-result/battle-result.service.spec.ts > 
BattleResultService > showBattleResult > should open modal with correct config for user loss
 FAIL  src/app/services/game-related/battle-result/battle-result.service.spec.ts > 
BattleResultService > showBattleResult > should include damage totals in message for max_turns
 FAIL  src/app/services/game-related/game-logger/logger.service.spec.ts > GameLoggerService > 
GameLoggerService should return empty config
 FAIL  src/app/services/game-related/game-logger/logger.service.spec.ts > GameLoggerService > 
GameLoggerService should return const message
 FAIL  src/app/services/game-related/game-logger/logger.service.spec.ts > GameLoggerService > 
GameLoggerService should return not battle message
 FAIL  src/app/services/game-related/game-logger/logger.service.spec.ts > GameLoggerService > 
GameLoggerService should return additional DMG
 FAIL  src/app/services/game-related/game-logger/logger.service.spec.ts > GameLoggerService > 
GameLoggerService should return damage message
 FAIL  src/app/services/game-related/game-logger/logger.service.spec.ts > GameLoggerService > 
GameLoggerService should log defeat
 FAIL  src/app/components/modal-window/currency/currency-dif/currency-dif.component.spec.ts > 
CurrencyDifComponent > CurrencyDifComponent should get difference
 FAIL  src/app/components/modal-window/currency/currency-dif/currency-dif.component.spec.ts > 
CurrencyDifComponent > CurrencyDifComponent should show New and Old Coins
 FAIL  src/app/components/modal-window/strategies/component-modal-strategy/component-modal-str
ategy.spec.ts > ComponentModalStrategy > Property 7: DYNAMIC_COMPONENT_DATA contains all 
config.data fields > parameterized: various data shapes are injected correctly
TypeError: Cannot read properties of null (reading 'ngModule')
 Γ¥» isModuleWithProviders 
../darwin_arm64-fastbuild-ST-2d99d9656325/bin/packages/core/src/render3/jit/util.ts:18:37
 Γ¥» expandModuleWithProviders 
../darwin_arm64-fastbuild-ST-2d99d9656325/bin/packages/core/src/render3/jit/module.ts:686:6
 Γ¥» Function.get 
../darwin_arm64-fastbuild-ST-2d99d9656325/bin/packages/core/src/render3/jit/module.ts:153:13
 Γ¥» getNgModuleDef 
../darwin_arm64-fastbuild-ST-2d99d9656325/bin/packages/core/src/render3/def_getters.ts:18:27
 Γ¥» verifySemanticsOfNgModuleDef 
../darwin_arm64-fastbuild-ST-2d99d9656325/bin/packages/core/src/render3/jit/module.ts:256:18
 Γ¥» Function.get 
../darwin_arm64-fastbuild-ST-2d99d9656325/bin/packages/core/src/render3/jit/module.ts:199:21
 Γ¥» TestBedCompiler.applyProviderOverridesInScope ../darwin_arm64-fastbuild-ST-2d99d9656325/b
in/packages/core/testing/src/test_bed_compiler.ts:622:7
 Γ¥» TestBedCompiler.compileTestModule ../darwin_arm64-fastbuild-ST-2d99d9656325/bin/packages/
core/testing/src/test_bed_compiler.ts:959:13
 Γ¥» TestBedCompiler.finalize node_modules/@angular/core/fesm2022/testing.mjs:872:10
    870|         const metadata = this.resolvers.module.resolve(ngModule);
    871|         if (metadata === null) {
    872|             throw invalidTypeError(ngModule.name, 'NgModule');
       |          ^
    873|         }
    874|         this.recompileNgModule(ngModule, metadata);

ΓÄ»ΓÄ»ΓÄ»ΓÄ»ΓÄ»ΓÄ»ΓÄ»ΓÄ»ΓÄ»ΓÄ»ΓÄ»ΓÄ»ΓÄ»ΓÄ»ΓÄ»ΓÄ»ΓÄ»ΓÄ»ΓÄ»ΓÄ»ΓÄ»[11/232]ΓÄ»

 FAIL  src/app/interceptors/params-checker/params-checker.interceptor.spec.ts > 
paramsCheckerInterceptor > should be created
Error: Need to call TestBed.initTestEnvironment() first
 Γ¥» _TestBedImpl.get compiler [as compiler] 
../darwin_arm64-fastbuild-ST-2d99d9656325/bin/packages/core/testing/src/test_bed.ts:687:7
 Γ¥» _TestBedImpl.configureTestingModule 
../darwin_arm64-fastbuild-ST-2d99d9656325/bin/packages/core/testing/src/test_bed.ts:541:5
 Γ¥» Function.configureTestingModule 
../darwin_arm64-fastbuild-ST-2d99d9656325/bin/packages/core/testing/src/test_bed.ts:272:13
 Γ¥» src/app/interceptors/params-checker/params-checker.interceptor.spec.ts:12:13
     10|
     11|   beforeEach(() => {
     12|     TestBed.configureTestingModule({});
       |             ^
     13|   });
     14|

ΓÄ»ΓÄ»ΓÄ»ΓÄ»ΓÄ»ΓÄ»ΓÄ»ΓÄ»ΓÄ»ΓÄ»ΓÄ»ΓÄ»ΓÄ»ΓÄ»ΓÄ»ΓÄ»ΓÄ»ΓÄ»ΓÄ»ΓÄ»ΓÄ»[12/232]ΓÄ»

 FAIL  src/app/pages/gift-store/gift-store.component.spec.ts > GiftStoreComponent > 
GiftStoreComponent should be created
Error: Need to call TestBed.initTestEnvironment() first
 Γ¥» _TestBedImpl.get compiler [as compiler] 
../darwin_arm64-fastbuild-ST-2d99d9656325/bin/packages/core/testing/src/test_bed.ts:687:7
 Γ¥» _TestBedImpl.configureTestingModule 
../darwin_arm64-fastbuild-ST-2d99d9656325/bin/packages/core/testing/src/test_bed.ts:541:5
 Γ¥» Function.configureTestingModule 
../darwin_arm64-fastbuild-ST-2d99d9656325/bin/packages/core/testing/src/test_bed.ts:272:13
 Γ¥» src/app/pages/gift-store/gift-store.component.spec.ts:35:19
     33|     activatedRouteSpy = {};
     34|
     35|     await TestBed.configureTestingModule({
       |                   ^
     36|       imports: [GiftStoreComponent],
     37|       providers: [

ΓÄ»ΓÄ»ΓÄ»ΓÄ»ΓÄ»ΓÄ»ΓÄ»ΓÄ»ΓÄ»ΓÄ»ΓÄ»ΓÄ»ΓÄ»ΓÄ»ΓÄ»ΓÄ»ΓÄ»ΓÄ»ΓÄ»ΓÄ»ΓÄ»[13/232]ΓÄ»

 FAIL  src/app/pages/lobby/lobby.component.spec.ts > LobbyComponent > LobbyComponent should 
be created
Error: Need to call TestBed.initTestEnvironment() first
 Γ¥» _TestBedImpl.get compiler [as compiler] 
../darwin_arm64-fastbuild-ST-2d99d9656325/bin/packages/core/testing/src/test_bed.ts:687:7
 Γ¥» _TestBedImpl.configureTestingModule 
../darwin_arm64-fastbuild-ST-2d99d9656325/bin/packages/core/testing/src/test_bed.ts:541:5
 Γ¥» Function.configureTestingModule 
../darwin_arm64-fastbuild-ST-2d99d9656325/bin/packages/core/testing/src/test_bed.ts:272:13
 Γ¥» src/app/pages/lobby/lobby.component.spec.ts:45:19
     43|     });
     44|
     45|     await TestBed.configureTestingModule({
       |                   ^
     46|       imports: [LobbyComponent],
     47|       providers: [
 Γ¥» src/app/pages/lobby/lobby.component.spec.ts:23:61
 Γ¥» __async src/app/pages/lobby/lobby.component.spec.ts:7:10
 Γ¥» src/app/pages/lobby/lobby.component.spec.ts:33:25

ΓÄ»ΓÄ»ΓÄ»ΓÄ»ΓÄ»ΓÄ»ΓÄ»ΓÄ»ΓÄ»ΓÄ»ΓÄ»ΓÄ»ΓÄ»ΓÄ»ΓÄ»ΓÄ»ΓÄ»ΓÄ»ΓÄ»ΓÄ»ΓÄ»[14/232]ΓÄ»

 FAIL  src/app/pages/login-page/login-page.component.spec.ts > LoginPageComponent > 
LoginPageComponent should be created
Error: Need to call TestBed.initTestEnvironment() first
 Γ¥» _TestBedImpl.get compiler [as compiler] 
../darwin_arm64-fastbuild-ST-2d99d9656325/bin/packages/core/testing/src/test_bed.ts:687:7
 Γ¥» _TestBedImpl.configureTestingModule 
../darwin_arm64-fastbuild-ST-2d99d9656325/bin/packages/core/testing/src/test_bed.ts:541:5
 Γ¥» Function.configureTestingModule 
../darwin_arm64-fastbuild-ST-2d99d9656325/bin/packages/core/testing/src/test_bed.ts:272:13
 Γ¥» src/app/pages/login-page/login-page.component.spec.ts:68:19
     66|     });
     67|
     68|     await TestBed.configureTestingModule({
       |                   ^
     69|       imports: [LoginPageComponent],
     70|       providers: [

ΓÄ»ΓÄ»ΓÄ»ΓÄ»ΓÄ»ΓÄ»ΓÄ»ΓÄ»ΓÄ»ΓÄ»ΓÄ»ΓÄ»ΓÄ»ΓÄ»ΓÄ»ΓÄ»ΓÄ»ΓÄ»ΓÄ»ΓÄ»ΓÄ»[15/232]ΓÄ»

 FAIL  src/app/services/effects/effects.service.spec.ts > EffectsService > EffectsService 
should be created
Error: Need to call TestBed.initTestEnvironment() first
 Γ¥» _TestBedImpl.get compiler [as compiler] 
../darwin_arm64-fastbuild-ST-2d99d9656325/bin/packages/core/testing/src/test_bed.ts:687:7
 Γ¥» _TestBedImpl.configureTestingModule 
../darwin_arm64-fastbuild-ST-2d99d9656325/bin/packages/core/testing/src/test_bed.ts:541:5
 Γ¥» Function.configureTestingModule 
../darwin_arm64-fastbuild-ST-2d99d9656325/bin/packages/core/testing/src/test_bed.ts:272:13
 Γ¥» src/app/services/effects/effects.service.spec.ts:15:13
     13|
     14|   beforeEach(() => {
     15|     TestBed.configureTestingModule({
       |             ^
     16|       providers: [EffectsService, HeroesService],
     17|     });

ΓÄ»ΓÄ»ΓÄ»ΓÄ»ΓÄ»ΓÄ»ΓÄ»ΓÄ»ΓÄ»ΓÄ»ΓÄ»ΓÄ»ΓÄ»ΓÄ»ΓÄ»ΓÄ»ΓÄ»ΓÄ»ΓÄ»ΓÄ»ΓÄ»[16/232]ΓÄ»

 FAIL  src/app/services/lobby/lobby.service.spec.ts > LobbyService > should be created
Error: Need to call TestBed.initTestEnvironment() first
 Γ¥» _TestBedImpl.get compiler [as compiler] 
../darwin_arm64-fastbuild-ST-2d99d9656325/bin/packages/core/testing/src/test_bed.ts:687:7
 Γ¥» _TestBedImpl.configureTestingModule 
../darwin_arm64-fastbuild-ST-2d99d9656325/bin/packages/core/testing/src/test_bed.ts:541:5
 Γ¥» Function.configureTestingModule 
../darwin_arm64-fastbuild-ST-2d99d9656325/bin/packages/core/testing/src/test_bed.ts:272:13
 Γ¥» src/app/services/lobby/lobby.service.spec.ts:10:13
      8|
      9|   beforeEach(() => {
     10|     TestBed.configureTestingModule({});
       |             ^
     11|     service = TestBed.inject(LobbyService);
     12|   });

ΓÄ»ΓÄ»ΓÄ»ΓÄ»ΓÄ»ΓÄ»ΓÄ»ΓÄ»ΓÄ»ΓÄ»ΓÄ»ΓÄ»ΓÄ»ΓÄ»ΓÄ»ΓÄ»ΓÄ»ΓÄ»ΓÄ»ΓÄ»ΓÄ»[17/232]ΓÄ»

 FAIL  src/app/services/modal/modal-window.service.spec.ts > ModalWindowService > Property 6: 
openModal() returns unique dialogId strings > returns a non-empty string when not frozen
Error: Need to call TestBed.initTestEnvironment() first
 Γ¥» _TestBedImpl.get compiler [as compiler] 
../darwin_arm64-fastbuild-ST-2d99d9656325/bin/packages/core/testing/src/test_bed.ts:687:7
 Γ¥» _TestBedImpl.configureTestingModule 
../darwin_arm64-fastbuild-ST-2d99d9656325/bin/packages/core/testing/src/test_bed.ts:541:5
 Γ¥» Function.configureTestingModule 
../darwin_arm64-fastbuild-ST-2d99d9656325/bin/packages/core/testing/src/test_bed.ts:272:13
 Γ¥» src/app/services/modal/modal-window.service.spec.ts:21:13
     19|
     20|   beforeEach(() => {
     21|     TestBed.configureTestingModule({
       |             ^
     22|       providers: [
     23|         ModalWindowService,

ΓÄ»ΓÄ»ΓÄ»ΓÄ»ΓÄ»ΓÄ»ΓÄ»ΓÄ»ΓÄ»ΓÄ»ΓÄ»ΓÄ»ΓÄ»ΓÄ»ΓÄ»ΓÄ»ΓÄ»ΓÄ»ΓÄ»ΓÄ»ΓÄ»[18/232]ΓÄ»

 FAIL  src/app/services/numbers/numbers.service.spec.ts > NumbersService > NumbersService 
should be created
Error: Need to call TestBed.initTestEnvironment() first
 Γ¥» _TestBedImpl.get compiler [as compiler] 
../darwin_arm64-fastbuild-ST-2d99d9656325/bin/packages/core/testing/src/test_bed.ts:687:7
 Γ¥» _TestBedImpl.configureTestingModule 
../darwin_arm64-fastbuild-ST-2d99d9656325/bin/packages/core/testing/src/test_bed.ts:541:5
 Γ¥» Function.configureTestingModule 
../darwin_arm64-fastbuild-ST-2d99d9656325/bin/packages/core/testing/src/test_bed.ts:272:13
 Γ¥» src/app/services/numbers/numbers.service.spec.ts:9:13
      7|
      8|   beforeEach(() => {
      9|     TestBed.configureTestingModule({
       |             ^
     10|       providers: [NumbersService],
     11|     });

ΓÄ»ΓÄ»ΓÄ»ΓÄ»ΓÄ»ΓÄ»ΓÄ»ΓÄ»ΓÄ»ΓÄ»ΓÄ»ΓÄ»ΓÄ»ΓÄ»ΓÄ»ΓÄ»ΓÄ»ΓÄ»ΓÄ»ΓÄ»ΓÄ»[19/232]ΓÄ»

 FAIL  src/app/services/preloading/preloading-strategy.service.spec.ts > 
PreloadingStrategyService > PreloadingStrategyService should be created
Error: Need to call TestBed.initTestEnvironment() first
 Γ¥» _TestBedImpl.get compiler [as compiler] 
../darwin_arm64-fastbuild-ST-2d99d9656325/bin/packages/core/testing/src/test_bed.ts:687:7
 Γ¥» _TestBedImpl.configureTestingModule 
../darwin_arm64-fastbuild-ST-2d99d9656325/bin/packages/core/testing/src/test_bed.ts:541:5
 Γ¥» Function.configureTestingModule 
../darwin_arm64-fastbuild-ST-2d99d9656325/bin/packages/core/testing/src/test_bed.ts:272:13
 Γ¥» src/app/services/preloading/preloading-strategy.service.spec.ts:20:13
     18|     usersServiceSpy = { $user: of(user), };
     19|
     20|     TestBed.configureTestingModule({
       |             ^
     21|       providers: [PreloadingStrategyService, { provide: UsersService, ΓÇª
     22|     });

ΓÄ»ΓÄ»ΓÄ»ΓÄ»ΓÄ»ΓÄ»ΓÄ»ΓÄ»ΓÄ»ΓÄ»ΓÄ»ΓÄ»ΓÄ»ΓÄ»ΓÄ»ΓÄ»ΓÄ»ΓÄ»ΓÄ»ΓÄ»ΓÄ»[20/232]ΓÄ»

 FAIL  src/app/services/reward/reward.service.spec.ts > RewardService > RewardService should 
be created
Error: Need to call TestBed.initTestEnvironment() first
 Γ¥» _TestBedImpl.get compiler [as compiler] 
../darwin_arm64-fastbuild-ST-2d99d9656325/bin/packages/core/testing/src/test_bed.ts:687:7
 Γ¥» _TestBedImpl.configureTestingModule 
../darwin_arm64-fastbuild-ST-2d99d9656325/bin/packages/core/testing/src/test_bed.ts:541:5
 Γ¥» Function.configureTestingModule 
../darwin_arm64-fastbuild-ST-2d99d9656325/bin/packages/core/testing/src/test_bed.ts:272:13
 Γ¥» src/app/services/reward/reward.service.spec.ts:58:13
     56|     heroServiceSpy = { getAllHeroes: vi.fn() };
     57|
     58|     TestBed.configureTestingModule({
       |             ^
     59|       providers: [
     60|         RewardService,

ΓÄ»ΓÄ»ΓÄ»ΓÄ»ΓÄ»ΓÄ»ΓÄ»ΓÄ»ΓÄ»ΓÄ»ΓÄ»ΓÄ»ΓÄ»ΓÄ»ΓÄ»ΓÄ»ΓÄ»ΓÄ»ΓÄ»ΓÄ»ΓÄ»[21/232]ΓÄ»

 FAIL  src/app/services/time/time.service.spec.ts > TimeService > TimeService should be 
created
Error: Need to call TestBed.initTestEnvironment() first
 Γ¥» _TestBedImpl.get compiler [as compiler] 
../darwin_arm64-fastbuild-ST-2d99d9656325/bin/packages/core/testing/src/test_bed.ts:687:7
 Γ¥» _TestBedImpl.configureTestingModule 
../darwin_arm64-fastbuild-ST-2d99d9656325/bin/packages/core/testing/src/test_bed.ts:541:5
 Γ¥» Function.configureTestingModule 
../darwin_arm64-fastbuild-ST-2d99d9656325/bin/packages/core/testing/src/test_bed.ts:272:13
 Γ¥» src/app/services/time/time.service.spec.ts:9:13
      7|
      8|   beforeEach(() => {
      9|     TestBed.configureTestingModule({
       |             ^
     10|       providers: [TimeService],
     11|     });

ΓÄ»ΓÄ»ΓÄ»ΓÄ»ΓÄ»ΓÄ»ΓÄ»ΓÄ»ΓÄ»ΓÄ»ΓÄ»ΓÄ»ΓÄ»ΓÄ»ΓÄ»ΓÄ»ΓÄ»ΓÄ»ΓÄ»ΓÄ»ΓÄ»[22/232]ΓÄ»

 FAIL  src/app/services/unit/unit.service.spec.ts > UnitService > UnitService should be 
created
Error: Need to call TestBed.initTestEnvironment() first
 Γ¥» _TestBedImpl.get compiler [as compiler] 
../darwin_arm64-fastbuild-ST-2d99d9656325/bin/packages/core/testing/src/test_bed.ts:687:7
 Γ¥» _TestBedImpl.configureTestingModule 
../darwin_arm64-fastbuild-ST-2d99d9656325/bin/packages/core/testing/src/test_bed.ts:541:5
 Γ¥» Function.configureTestingModule 
../darwin_arm64-fastbuild-ST-2d99d9656325/bin/packages/core/testing/src/test_bed.ts:272:13
 Γ¥» src/app/services/unit/unit.service.spec.ts:17:13
     15|
     16|   beforeEach(() => {
     17|     TestBed.configureTestingModule({
       |             ^
     18|       providers: [UnitService, EffectsService, DomSanitizer, HeroesFacΓÇª
     19|     });

ΓÄ»ΓÄ»ΓÄ»ΓÄ»ΓÄ»ΓÄ»ΓÄ»ΓÄ»ΓÄ»ΓÄ»ΓÄ»ΓÄ»ΓÄ»ΓÄ»ΓÄ»ΓÄ»ΓÄ»ΓÄ»ΓÄ»ΓÄ»ΓÄ»[23/232]ΓÄ»

 FAIL  src/app/services/validation/validation.service.spec.ts > ValidationService > 
ValidationService should be created
Error: Need to call TestBed.initTestEnvironment() first
 Γ¥» _TestBedImpl.get compiler [as compiler] 
../darwin_arm64-fastbuild-ST-2d99d9656325/bin/packages/core/testing/src/test_bed.ts:687:7
 Γ¥» _TestBedImpl.configureTestingModule 
../darwin_arm64-fastbuild-ST-2d99d9656325/bin/packages/core/testing/src/test_bed.ts:541:5
 Γ¥» Function.configureTestingModule 
../darwin_arm64-fastbuild-ST-2d99d9656325/bin/packages/core/testing/src/test_bed.ts:272:13
 Γ¥» src/app/services/validation/validation.service.spec.ts:33:13
     31|
     32|   beforeEach(() => {
     33|     TestBed.configureTestingModule({
       |             ^
     34|       providers: [ValidationService],
     35|     });

ΓÄ»ΓÄ»ΓÄ»ΓÄ»ΓÄ»ΓÄ»ΓÄ»ΓÄ»ΓÄ»ΓÄ»ΓÄ»ΓÄ»ΓÄ»ΓÄ»ΓÄ»ΓÄ»ΓÄ»ΓÄ»ΓÄ»ΓÄ»ΓÄ»[24/232]ΓÄ»

 FAIL  src/app/components/data-inputs/autocomplete-mat-input/autocomplete-mat-input.component.
spec.ts > TextInputComponent > TextInputComponent should be created
Error: Need to call TestBed.initTestEnvironment() first
 Γ¥» _TestBedImpl.get compiler [as compiler] 
../darwin_arm64-fastbuild-ST-2d99d9656325/bin/packages/core/testing/src/test_bed.ts:687:7
 Γ¥» _TestBedImpl.configureTestingModule 
../darwin_arm64-fastbuild-ST-2d99d9656325/bin/packages/core/testing/src/test_bed.ts:541:5
 Γ¥» Function.configureTestingModule 
../darwin_arm64-fastbuild-ST-2d99d9656325/bin/packages/core/testing/src/test_bed.ts:272:13
 Γ¥» src/app/components/data-inputs/autocomplete-mat-input/autocomplete-mat-input.component.sp
ec.ts:45:19
     43|
     44|   beforeEach(async () => {
     45|     await TestBed.configureTestingModule({
       |                   ^
     46|       imports: [HostComponent],
     47|     }).compileComponents();
 Γ¥» src/app/components/data-inputs/autocomplete-mat-input/autocomplete-mat-input.component.sp
ec.ts:23:61
 Γ¥» __async src/app/components/data-inputs/autocomplete-mat-input/autocomplete-mat-input.comp
onent.spec.ts:7:10
 Γ¥» src/app/components/data-inputs/autocomplete-mat-input/autocomplete-mat-input.component.sp
ec.ts:44:25

ΓÄ»ΓÄ»ΓÄ»ΓÄ»ΓÄ»ΓÄ»ΓÄ»ΓÄ»ΓÄ»ΓÄ»ΓÄ»ΓÄ»ΓÄ»ΓÄ»ΓÄ»ΓÄ»ΓÄ»ΓÄ»ΓÄ»ΓÄ»ΓÄ»[25/232]ΓÄ»

 FAIL  src/app/components/data-inputs/base-select/base-select.component.spec.ts > 
BaseSelectComponent > should create
Error: Need to call TestBed.initTestEnvironment() first
 Γ¥» _TestBedImpl.get compiler [as compiler] 
../darwin_arm64-fastbuild-ST-2d99d9656325/bin/packages/core/testing/src/test_bed.ts:687:7
 Γ¥» _TestBedImpl.configureTestingModule 
../darwin_arm64-fastbuild-ST-2d99d9656325/bin/packages/core/testing/src/test_bed.ts:541:5
 Γ¥» Function.configureTestingModule 
../darwin_arm64-fastbuild-ST-2d99d9656325/bin/packages/core/testing/src/test_bed.ts:272:13
 Γ¥» src/app/components/data-inputs/base-select/base-select.component.spec.ts:11:19
      9|
     10|   beforeEach(async () => {
     11|     await TestBed.configureTestingModule({
       |                   ^
     12|       imports: [BaseSelectComponent],
     13|     }).compileComponents();

ΓÄ»ΓÄ»ΓÄ»ΓÄ»ΓÄ»ΓÄ»ΓÄ»ΓÄ»ΓÄ»ΓÄ»ΓÄ»ΓÄ»ΓÄ»ΓÄ»ΓÄ»ΓÄ»ΓÄ»ΓÄ»ΓÄ»ΓÄ»ΓÄ»[26/232]ΓÄ»

 FAIL  src/app/components/data-inputs/number-input/number-input.component.spec.ts > 
NumberInputComponent > NumberInputComponent should de created
Error: Need to call TestBed.initTestEnvironment() first
 Γ¥» _TestBedImpl.get compiler [as compiler] 
../darwin_arm64-fastbuild-ST-2d99d9656325/bin/packages/core/testing/src/test_bed.ts:687:7
 Γ¥» _TestBedImpl.configureTestingModule 
../darwin_arm64-fastbuild-ST-2d99d9656325/bin/packages/core/testing/src/test_bed.ts:541:5
 Γ¥» Function.configureTestingModule 
../darwin_arm64-fastbuild-ST-2d99d9656325/bin/packages/core/testing/src/test_bed.ts:272:13
 Γ¥» src/app/components/data-inputs/number-input/number-input.component.spec.ts:31:19
     29|
     30|   beforeEach(async () => {
     31|     await TestBed.configureTestingModule({
       |                   ^
     32|       imports: [HostComponent, NoopAnimationsModule],
     33|     }).compileComponents();
 Γ¥» src/app/components/data-inputs/number-input/number-input.component.spec.ts:23:61
 Γ¥» __async src/app/components/data-inputs/number-input/number-input.component.spec.ts:7:10
 Γ¥» src/app/components/data-inputs/number-input/number-input.component.spec.ts:30:25

ΓÄ»ΓÄ»ΓÄ»ΓÄ»ΓÄ»ΓÄ»ΓÄ»ΓÄ»ΓÄ»ΓÄ»ΓÄ»ΓÄ»ΓÄ»ΓÄ»ΓÄ»ΓÄ»ΓÄ»ΓÄ»ΓÄ»ΓÄ»ΓÄ»[27/232]ΓÄ»

 FAIL  src/app/components/data-inputs/text-input/text-input.component.spec.ts > 
TextInputComponent > TextInputComponent should de created
Error: Need to call TestBed.initTestEnvironment() first
 Γ¥» _TestBedImpl.get compiler [as compiler] 
../darwin_arm64-fastbuild-ST-2d99d9656325/bin/packages/core/testing/src/test_bed.ts:687:7
 Γ¥» _TestBedImpl.configureTestingModule 
../darwin_arm64-fastbuild-ST-2d99d9656325/bin/packages/core/testing/src/test_bed.ts:541:5
 Γ¥» Function.configureTestingModule 
../darwin_arm64-fastbuild-ST-2d99d9656325/bin/packages/core/testing/src/test_bed.ts:272:13
 Γ¥» src/app/components/data-inputs/text-input/text-input.component.spec.ts:29:19
     27|
     28|   beforeEach(async () => {
     29|     await TestBed.configureTestingModule({
       |                   ^
     30|       imports: [HostComponent, NoopAnimationsModule],
     31|     }).compileComponents();
 Γ¥» src/app/components/data-inputs/text-input/text-input.component.spec.ts:23:61
 Γ¥» __async src/app/components/data-inputs/text-input/text-input.component.spec.ts:7:10
 Γ¥» src/app/components/data-inputs/text-input/text-input.component.spec.ts:28:25

ΓÄ»ΓÄ»ΓÄ»ΓÄ»ΓÄ»ΓÄ»ΓÄ»ΓÄ»ΓÄ»ΓÄ»ΓÄ»ΓÄ»ΓÄ»ΓÄ»ΓÄ»ΓÄ»ΓÄ»ΓÄ»ΓÄ»ΓÄ»ΓÄ»[28/232]ΓÄ»

 FAIL  src/app/components/data-inputs/slider/slider.component.spec.ts > SliderComponent > 
SliderComponent should be created
Unknown Error: Zone is needed for the waitForAsync() test helper but could not be found. 
Please make sure that your environment includes zone.js
ΓÄ»ΓÄ»ΓÄ»ΓÄ»ΓÄ»ΓÄ»ΓÄ»ΓÄ»ΓÄ»ΓÄ»ΓÄ»ΓÄ»ΓÄ»ΓÄ»ΓÄ»ΓÄ»ΓÄ»ΓÄ»ΓÄ»ΓÄ»ΓÄ»[29/232]ΓÄ»

 FAIL  src/app/components/data-inputs/slider/slider.component.spec.ts > SliderComponent > 
SliderComponent should get default state
Unknown Error: Zone is needed for the waitForAsync() test helper but could not be found. 
Please make sure that your environment includes zone.js
ΓÄ»ΓÄ»ΓÄ»ΓÄ»ΓÄ»ΓÄ»ΓÄ»ΓÄ»ΓÄ»ΓÄ»ΓÄ»ΓÄ»ΓÄ»ΓÄ»ΓÄ»ΓÄ»ΓÄ»ΓÄ»ΓÄ»ΓÄ»ΓÄ»[30/232]ΓÄ»

 FAIL  src/app/components/data-inputs/slider/slider.component.spec.ts > SliderComponent > 
SliderComponent should update form when user moves slider
Unknown Error: Zone is needed for the waitForAsync() test helper but could not be found. 
Please make sure that your environment includes zone.js
ΓÄ»ΓÄ»ΓÄ»ΓÄ»ΓÄ»ΓÄ»ΓÄ»ΓÄ»ΓÄ»ΓÄ»ΓÄ»ΓÄ»ΓÄ»ΓÄ»ΓÄ»ΓÄ»ΓÄ»ΓÄ»ΓÄ»ΓÄ»ΓÄ»[31/232]ΓÄ»

 FAIL  src/app/components/common/rating/rating.component.spec.ts > RatingComponent > should 
create
Error: Need to call TestBed.initTestEnvironment() first
 Γ¥» _TestBedImpl.get compiler [as compiler] 
../darwin_arm64-fastbuild-ST-2d99d9656325/bin/packages/core/testing/src/test_bed.ts:687:7
 Γ¥» _TestBedImpl.configureTestingModule 
../darwin_arm64-fastbuild-ST-2d99d9656325/bin/packages/core/testing/src/test_bed.ts:541:5
 Γ¥» Function.configureTestingModule 
../darwin_arm64-fastbuild-ST-2d99d9656325/bin/packages/core/testing/src/test_bed.ts:272:13
 Γ¥» src/app/components/common/rating/rating.component.spec.ts:11:19
      9|
     10|   beforeEach(async () => {
     11|     await TestBed.configureTestingModule({
       |                   ^
     12|       imports: [RatingComponent],
     13|     }).compileComponents();

ΓÄ»ΓÄ»ΓÄ»ΓÄ»ΓÄ»ΓÄ»ΓÄ»ΓÄ»ΓÄ»ΓÄ»ΓÄ»ΓÄ»ΓÄ»ΓÄ»ΓÄ»ΓÄ»ΓÄ»ΓÄ»ΓÄ»ΓÄ»ΓÄ»[32/232]ΓÄ»

 FAIL  src/app/components/display-reward/card/card.component.spec.ts > CardComponent > should 
create
Error: Need to call TestBed.initTestEnvironment() first
 Γ¥» _TestBedImpl.get compiler [as compiler] 
../darwin_arm64-fastbuild-ST-2d99d9656325/bin/packages/core/testing/src/test_bed.ts:687:7
 Γ¥» _TestBedImpl.configureTestingModule 
../darwin_arm64-fastbuild-ST-2d99d9656325/bin/packages/core/testing/src/test_bed.ts:541:5
 Γ¥» Function.configureTestingModule 
../darwin_arm64-fastbuild-ST-2d99d9656325/bin/packages/core/testing/src/test_bed.ts:272:13
 Γ¥» src/app/components/display-reward/card/card.component.spec.ts:11:19
      9|
     10|   beforeEach(async () => {
     11|     await TestBed.configureTestingModule({
       |                   ^
     12|       imports: [CardComponent],
     13|     }).compileComponents();

ΓÄ»ΓÄ»ΓÄ»ΓÄ»ΓÄ»ΓÄ»ΓÄ»ΓÄ»ΓÄ»ΓÄ»ΓÄ»ΓÄ»ΓÄ»ΓÄ»ΓÄ»ΓÄ»ΓÄ»ΓÄ»ΓÄ»ΓÄ»ΓÄ»[33/232]ΓÄ»

 FAIL  src/app/components/modal-window/adventure-begins/adventure-begins.component.spec.ts > 
AdventureBeginsComponent > AdventureBeginsComponent should be created
Error: Need to call TestBed.initTestEnvironment() first
 Γ¥» _TestBedImpl.get compiler [as compiler] 
../darwin_arm64-fastbuild-ST-2d99d9656325/bin/packages/core/testing/src/test_bed.ts:687:7
 Γ¥» _TestBedImpl.configureTestingModule 
../darwin_arm64-fastbuild-ST-2d99d9656325/bin/packages/core/testing/src/test_bed.ts:541:5
 Γ¥» Function.configureTestingModule 
../darwin_arm64-fastbuild-ST-2d99d9656325/bin/packages/core/testing/src/test_bed.ts:272:13
 Γ¥» src/app/components/modal-window/adventure-begins/adventure-begins.component.spec.ts:22:19
     20|     };
     21|
     22|     await TestBed.configureTestingModule({
       |                   ^
     23|       imports: [AdventureBeginsComponent],
     24|       providers: [

ΓÄ»ΓÄ»ΓÄ»ΓÄ»ΓÄ»ΓÄ»ΓÄ»ΓÄ»ΓÄ»ΓÄ»ΓÄ»ΓÄ»ΓÄ»ΓÄ»ΓÄ»ΓÄ»ΓÄ»ΓÄ»ΓÄ»ΓÄ»ΓÄ»[34/232]ΓÄ»

 FAIL  src/app/components/modal-window/after-battle/after-battle.component.spec.ts > 
AfterBattleComponent > should create without throwing
Error: Need to call TestBed.initTestEnvironment() first
 Γ¥» _TestBedImpl.get compiler [as compiler] 
../darwin_arm64-fastbuild-ST-2d99d9656325/bin/packages/core/testing/src/test_bed.ts:687:7
 Γ¥» _TestBedImpl.configureTestingModule 
../darwin_arm64-fastbuild-ST-2d99d9656325/bin/packages/core/testing/src/test_bed.ts:541:5
 Γ¥» Function.configureTestingModule 
../darwin_arm64-fastbuild-ST-2d99d9656325/bin/packages/core/testing/src/test_bed.ts:272:13
 Γ¥» src/app/components/modal-window/after-battle/after-battle.component.spec.ts:22:19
     20|
     21|   beforeEach(async () => {
     22|     await TestBed.configureTestingModule({
       |                   ^
     23|       imports: [AfterBattleComponent],
     24|       providers: [

ΓÄ»ΓÄ»ΓÄ»ΓÄ»ΓÄ»ΓÄ»ΓÄ»ΓÄ»ΓÄ»ΓÄ»ΓÄ»ΓÄ»ΓÄ»ΓÄ»ΓÄ»ΓÄ»ΓÄ»ΓÄ»ΓÄ»ΓÄ»ΓÄ»[35/232]ΓÄ»

 FAIL  src/app/components/modal-window/deposit/modal-deposit.component.spec.ts > 
DepositModalComponent > DepositModalComponent should be created.
Error: Need to call TestBed.initTestEnvironment() first
 Γ¥» _TestBedImpl.get compiler [as compiler] 
../darwin_arm64-fastbuild-ST-2d99d9656325/bin/packages/core/testing/src/test_bed.ts:687:7
 Γ¥» _TestBedImpl.configureTestingModule 
../darwin_arm64-fastbuild-ST-2d99d9656325/bin/packages/core/testing/src/test_bed.ts:541:5
 Γ¥» Function.configureTestingModule 
../darwin_arm64-fastbuild-ST-2d99d9656325/bin/packages/core/testing/src/test_bed.ts:272:13
 Γ¥» src/app/components/modal-window/deposit/modal-deposit.component.spec.ts:26:19
     24|     httpClientSpy = { get: vi.fn(), post: vi.fn(), put: vi.fn() };
     25|
     26|     await TestBed.configureTestingModule({
       |                   ^
     27|       imports: [DepositModalComponent],
     28|       providers: [

ΓÄ»ΓÄ»ΓÄ»ΓÄ»ΓÄ»ΓÄ»ΓÄ»ΓÄ»ΓÄ»ΓÄ»ΓÄ»ΓÄ»ΓÄ»ΓÄ»ΓÄ»ΓÄ»ΓÄ»ΓÄ»ΓÄ»ΓÄ»ΓÄ»[36/232]ΓÄ»

 FAIL  src/app/components/views/basic-stores-holder/basic-stores-holder.component.spec.ts > 
BasicStoresHolderComponent > should create
Error: Need to call TestBed.initTestEnvironment() first
 Γ¥» _TestBedImpl.get compiler [as compiler] 
../darwin_arm64-fastbuild-ST-2d99d9656325/bin/packages/core/testing/src/test_bed.ts:687:7
 Γ¥» _TestBedImpl.configureTestingModule 
../darwin_arm64-fastbuild-ST-2d99d9656325/bin/packages/core/testing/src/test_bed.ts:541:5
 Γ¥» Function.configureTestingModule 
../darwin_arm64-fastbuild-ST-2d99d9656325/bin/packages/core/testing/src/test_bed.ts:272:13
 Γ¥» src/app/components/views/basic-stores-holder/basic-stores-holder.component.spec.ts:11:19
      9|
     10|   beforeEach(async () => {
     11|     await TestBed.configureTestingModule({
       |                   ^
     12|       imports: [BasicStoresHolderComponent],
     13|     }).compileComponents();

ΓÄ»ΓÄ»ΓÄ»ΓÄ»ΓÄ»ΓÄ»ΓÄ»ΓÄ»ΓÄ»ΓÄ»ΓÄ»ΓÄ»ΓÄ»ΓÄ»ΓÄ»ΓÄ»ΓÄ»ΓÄ»ΓÄ»ΓÄ»ΓÄ»[37/232]ΓÄ»

 FAIL  src/app/components/views/image/image.component.spec.ts > ImageComponent > 
ImageComponent should be created
Error: Need to call TestBed.initTestEnvironment() first
 Γ¥» _TestBedImpl.get compiler [as compiler] 
../darwin_arm64-fastbuild-ST-2d99d9656325/bin/packages/core/testing/src/test_bed.ts:687:7
 Γ¥» _TestBedImpl.configureTestingModule 
../darwin_arm64-fastbuild-ST-2d99d9656325/bin/packages/core/testing/src/test_bed.ts:541:5
 Γ¥» Function.configureTestingModule 
../darwin_arm64-fastbuild-ST-2d99d9656325/bin/packages/core/testing/src/test_bed.ts:272:13
 Γ¥» src/app/components/views/image/image.component.spec.ts:16:19
     14|
     15|   beforeEach(async () => {
     16|     await TestBed.configureTestingModule({
       |                   ^
     17|       imports: [ImageComponent],
     18|     }).compileComponents();

ΓÄ»ΓÄ»ΓÄ»ΓÄ»ΓÄ»ΓÄ»ΓÄ»ΓÄ»ΓÄ»ΓÄ»ΓÄ»ΓÄ»ΓÄ»ΓÄ»ΓÄ»ΓÄ»ΓÄ»ΓÄ»ΓÄ»ΓÄ»ΓÄ»[38/232]ΓÄ»

 FAIL  src/app/components/views/skills-render/skills-render.component.spec.ts > 
SkillsRenderComponent > SkillsRenderComponent should be created
Error: Need to call TestBed.initTestEnvironment() first
 Γ¥» _TestBedImpl.get compiler [as compiler] 
../darwin_arm64-fastbuild-ST-2d99d9656325/bin/packages/core/testing/src/test_bed.ts:687:7
 Γ¥» _TestBedImpl.configureTestingModule 
../darwin_arm64-fastbuild-ST-2d99d9656325/bin/packages/core/testing/src/test_bed.ts:541:5
 Γ¥» Function.configureTestingModule 
../darwin_arm64-fastbuild-ST-2d99d9656325/bin/packages/core/testing/src/test_bed.ts:272:13
 Γ¥» src/app/components/views/skills-render/skills-render.component.spec.ts:17:19
     15|
     16|   beforeEach(async () => {
     17|     await TestBed.configureTestingModule({
       |                   ^
     18|       imports: [SkillsRenderComponent],
     19|       providers: [HeroesFacadeService],

ΓÄ»ΓÄ»ΓÄ»ΓÄ»ΓÄ»ΓÄ»ΓÄ»ΓÄ»ΓÄ»ΓÄ»ΓÄ»ΓÄ»ΓÄ»ΓÄ»ΓÄ»ΓÄ»ΓÄ»ΓÄ»ΓÄ»ΓÄ»ΓÄ»[39/232]ΓÄ»

 FAIL  src/app/components/views/stats/stats.component.spec.ts > StatsComponent > 
StatsComponent should be created
Error: Need to call TestBed.initTestEnvironment() first
 Γ¥» _TestBedImpl.get compiler [as compiler] 
../darwin_arm64-fastbuild-ST-2d99d9656325/bin/packages/core/testing/src/test_bed.ts:687:7
 Γ¥» _TestBedImpl.configureTestingModule 
../darwin_arm64-fastbuild-ST-2d99d9656325/bin/packages/core/testing/src/test_bed.ts:541:5
 Γ¥» Function.configureTestingModule 
../darwin_arm64-fastbuild-ST-2d99d9656325/bin/packages/core/testing/src/test_bed.ts:272:13
 Γ¥» src/app/components/views/stats/stats.component.spec.ts:15:19
     13|
     14|   beforeEach(async () => {
     15|     await TestBed.configureTestingModule({
       |                   ^
     16|       imports: [StatsComponent],
     17|       providers: [HeroesService],

ΓÄ»ΓÄ»ΓÄ»ΓÄ»ΓÄ»ΓÄ»ΓÄ»ΓÄ»ΓÄ»ΓÄ»ΓÄ»ΓÄ»ΓÄ»ΓÄ»ΓÄ»ΓÄ»ΓÄ»ΓÄ»ΓÄ»ΓÄ»ΓÄ»[40/232]ΓÄ»

 FAIL  src/app/pages/iron-bank/deposit/deposit.component.spec.ts > DepositComponent > 
DepositComponent should be created
Error: Need to call TestBed.initTestEnvironment() first
 Γ¥» _TestBedImpl.get compiler [as compiler] 
../darwin_arm64-fastbuild-ST-2d99d9656325/bin/packages/core/testing/src/test_bed.ts:687:7
 Γ¥» _TestBedImpl.configureTestingModule 
../darwin_arm64-fastbuild-ST-2d99d9656325/bin/packages/core/testing/src/test_bed.ts:541:5
 Γ¥» Function.configureTestingModule 
../darwin_arm64-fastbuild-ST-2d99d9656325/bin/packages/core/testing/src/test_bed.ts:272:13
 Γ¥» src/app/pages/iron-bank/deposit/deposit.component.spec.ts:36:19
     34|     });
     35|
     36|     await TestBed.configureTestingModule({
       |                   ^
     37|       imports: [DepositComponent],
     38|       providers: [CurrencyHelperService, IronBankHelperService],

ΓÄ»ΓÄ»ΓÄ»ΓÄ»ΓÄ»ΓÄ»ΓÄ»ΓÄ»ΓÄ»ΓÄ»ΓÄ»ΓÄ»ΓÄ»ΓÄ»ΓÄ»ΓÄ»ΓÄ»ΓÄ»ΓÄ»ΓÄ»ΓÄ»[41/232]ΓÄ»

 FAIL  src/app/pages/iron-bank/exchanger/exchanger.component.spec.ts > ExchangerComponent > 
ExchangerComponent should be created.
Error: Need to call TestBed.initTestEnvironment() first
 Γ¥» _TestBedImpl.get compiler [as compiler] 
../darwin_arm64-fastbuild-ST-2d99d9656325/bin/packages/core/testing/src/test_bed.ts:687:7
 Γ¥» _TestBedImpl.configureTestingModule 
../darwin_arm64-fastbuild-ST-2d99d9656325/bin/packages/core/testing/src/test_bed.ts:541:5
 Γ¥» Function.configureTestingModule 
../darwin_arm64-fastbuild-ST-2d99d9656325/bin/packages/core/testing/src/test_bed.ts:272:13
 Γ¥» src/app/pages/iron-bank/exchanger/exchanger.component.spec.ts:44:19
     42|
     43|   beforeEach(async () => {
     44|     await TestBed.configureTestingModule({
       |                   ^
     45|       imports: [ExchangerComponent],
     46|     }).compileComponents();

ΓÄ»ΓÄ»ΓÄ»ΓÄ»ΓÄ»ΓÄ»ΓÄ»ΓÄ»ΓÄ»ΓÄ»ΓÄ»ΓÄ»ΓÄ»ΓÄ»ΓÄ»ΓÄ»ΓÄ»ΓÄ»ΓÄ»ΓÄ»ΓÄ»[42/232]ΓÄ»

 FAIL  src/app/services/facades/heroes/heroes.service.spec.ts > HeroesHelperService > 
HeroesHelperService should be created
Error: Need to call TestBed.initTestEnvironment() first
 Γ¥» _TestBedImpl.get compiler [as compiler] 
../darwin_arm64-fastbuild-ST-2d99d9656325/bin/packages/core/testing/src/test_bed.ts:687:7
 Γ¥» _TestBedImpl.configureTestingModule 
../darwin_arm64-fastbuild-ST-2d99d9656325/bin/packages/core/testing/src/test_bed.ts:541:5
 Γ¥» Function.configureTestingModule 
../darwin_arm64-fastbuild-ST-2d99d9656325/bin/packages/core/testing/src/test_bed.ts:272:13
 Γ¥» src/app/services/facades/heroes/heroes.service.spec.ts:27:13
     25|     effectsMock.getEffect.mockImplementation(getEffect);
     26|
     27|     TestBed.configureTestingModule({
       |             ^
     28|       providers: [HeroesFacadeService, { provide: EffectsService, useVΓÇª
     29|     });

ΓÄ»ΓÄ»ΓÄ»ΓÄ»ΓÄ»ΓÄ»ΓÄ»ΓÄ»ΓÄ»ΓÄ»ΓÄ»ΓÄ»ΓÄ»ΓÄ»ΓÄ»ΓÄ»ΓÄ»ΓÄ»ΓÄ»ΓÄ»ΓÄ»[43/232]ΓÄ»

 FAIL  src/app/services/facades/navigation/navigation.service.spec.ts > CurrencyService > 
should be created
Error: Need to call TestBed.initTestEnvironment() first
 Γ¥» _TestBedImpl.get compiler [as compiler] 
../darwin_arm64-fastbuild-ST-2d99d9656325/bin/packages/core/testing/src/test_bed.ts:687:7
 Γ¥» _TestBedImpl.configureTestingModule 
../darwin_arm64-fastbuild-ST-2d99d9656325/bin/packages/core/testing/src/test_bed.ts:541:5
 Γ¥» Function.configureTestingModule 
../darwin_arm64-fastbuild-ST-2d99d9656325/bin/packages/core/testing/src/test_bed.ts:272:13
 Γ¥» src/app/services/facades/navigation/navigation.service.spec.ts:10:13
      8|
      9|   beforeEach(() => {
     10|     TestBed.configureTestingModule({});
       |             ^
     11|     service = TestBed.inject(NavigationService);
     12|   });

ΓÄ»ΓÄ»ΓÄ»ΓÄ»ΓÄ»ΓÄ»ΓÄ»ΓÄ»ΓÄ»ΓÄ»ΓÄ»ΓÄ»ΓÄ»ΓÄ»ΓÄ»ΓÄ»ΓÄ»ΓÄ»ΓÄ»ΓÄ»ΓÄ»[44/232]ΓÄ»

 FAIL  src/app/services/facades/shortcut/shortcut.service.spec.ts > ShortcutService > should 
be created
Error: Need to call TestBed.initTestEnvironment() first
 Γ¥» _TestBedImpl.get compiler [as compiler] 
../darwin_arm64-fastbuild-ST-2d99d9656325/bin/packages/core/testing/src/test_bed.ts:687:7
 Γ¥» _TestBedImpl.configureTestingModule 
../darwin_arm64-fastbuild-ST-2d99d9656325/bin/packages/core/testing/src/test_bed.ts:541:5
 Γ¥» Function.configureTestingModule 
../darwin_arm64-fastbuild-ST-2d99d9656325/bin/packages/core/testing/src/test_bed.ts:272:13
 Γ¥» src/app/services/facades/shortcut/shortcut.service.spec.ts:10:13
      8|
      9|   beforeEach(() => {
     10|     TestBed.configureTestingModule({});
       |             ^
     11|     service = TestBed.inject(ShortcutService);
     12|   });

ΓÄ»ΓÄ»ΓÄ»ΓÄ»ΓÄ»ΓÄ»ΓÄ»ΓÄ»ΓÄ»ΓÄ»ΓÄ»ΓÄ»ΓÄ»ΓÄ»ΓÄ»ΓÄ»ΓÄ»ΓÄ»ΓÄ»ΓÄ»ΓÄ»[45/232]ΓÄ»

 FAIL  src/app/services/game-related/ai-turn/ai-turn.service.spec.ts > AiTurnService > should 
be created
Error: Need to call TestBed.initTestEnvironment() first
 Γ¥» _TestBedImpl.get compiler [as compiler] 
../darwin_arm64-fastbuild-ST-2d99d9656325/bin/packages/core/testing/src/test_bed.ts:687:7
 Γ¥» _TestBedImpl.configureTestingModule 
../darwin_arm64-fastbuild-ST-2d99d9656325/bin/packages/core/testing/src/test_bed.ts:541:5
 Γ¥» Function.configureTestingModule 
../darwin_arm64-fastbuild-ST-2d99d9656325/bin/packages/core/testing/src/test_bed.ts:272:13
 Γ¥» src/app/services/game-related/ai-turn/ai-turn.service.spec.ts:59:13
     57|     const effectsSpy = { applyEffect: vi.fn() };
     58|
     59|     TestBed.configureTestingModule({
       |             ^
     60|       providers: [
     61|         AiTurnService,

ΓÄ»ΓÄ»ΓÄ»ΓÄ»ΓÄ»ΓÄ»ΓÄ»ΓÄ»ΓÄ»ΓÄ»ΓÄ»ΓÄ»ΓÄ»ΓÄ»ΓÄ»ΓÄ»ΓÄ»ΓÄ»ΓÄ»ΓÄ»ΓÄ»[46/232]ΓÄ»

 FAIL  src/app/services/game-related/auto-fight/auto-fight.service.spec.ts > AutoFightService 
> fast-fight mode > should execute all turns synchronously
 FAIL  src/app/services/game-related/auto-fight/auto-fight.service.spec.ts > AutoFightService 
> fast-fight mode > should stop when callback returns true
 FAIL  src/app/services/game-related/auto-fight/auto-fight.service.spec.ts > AutoFightService 
> fast-fight mode > should set isAutoFightActive to false after completion
 FAIL  src/app/services/game-related/auto-fight/auto-fight.service.spec.ts > AutoFightService 
> normal auto-fight mode > should set isAutoFightActive to true
 FAIL  src/app/services/game-related/auto-fight/auto-fight.service.spec.ts > AutoFightService 
> normal auto-fight mode > should clear interval when callback returns true
 FAIL  src/app/services/game-related/auto-fight/auto-fight.service.spec.ts > AutoFightService 
> normal auto-fight mode > should execute turns with interval timing
 FAIL  src/app/services/game-related/auto-fight/auto-fight.service.spec.ts > AutoFightService 
> stopAutoFight > should set isAutoFightActive to false
 FAIL  src/app/services/game-related/auto-fight/auto-fight.service.spec.ts > AutoFightService 
> stopAutoFight > should clear interval
 FAIL  src/app/services/game-related/auto-fight/auto-fight.service.spec.ts > AutoFightService 
> executeSingleTurn > should execute callback and return result
 FAIL  src/app/services/game-related/auto-fight/auto-fight.service.spec.ts > AutoFightService 
> executeSingleTurn > should return false when callback returns false
 FAIL  src/app/services/game-related/auto-fight/auto-fight.service.spec.ts > AutoFightService 
> ngOnDestroy > should call stopAutoFight
 FAIL  src/app/services/game-related/auto-fight/auto-fight.service.spec.ts > AutoFightService 
> ngOnDestroy > should stop active auto-fight
 FAIL  src/app/services/game-related/auto-fight/auto-fight.service.spec.ts > AutoFightService 
> double-start guard > should stop previous instance before starting new one
Error: Need to call TestBed.initTestEnvironment() first
 Γ¥» _TestBedImpl.get compiler [as compiler] 
../darwin_arm64-fastbuild-ST-2d99d9656325/bin/packages/core/testing/src/test_bed.ts:687:7
 Γ¥» _TestBedImpl.configureTestingModule 
../darwin_arm64-fastbuild-ST-2d99d9656325/bin/packages/core/testing/src/test_bed.ts:541:5
 Γ¥» Function.configureTestingModule 
../darwin_arm64-fastbuild-ST-2d99d9656325/bin/packages/core/testing/src/test_bed.ts:272:13
 Γ¥» src/app/services/game-related/auto-fight/auto-fight.service.spec.ts:9:13
      7|
      8|   beforeEach(() => {
      9|     TestBed.configureTestingModule({});
       |             ^
     10|     service = TestBed.inject(AutoFightService);
     11|   });

ΓÄ»ΓÄ»ΓÄ»ΓÄ»ΓÄ»ΓÄ»ΓÄ»ΓÄ»ΓÄ»ΓÄ»ΓÄ»ΓÄ»ΓÄ»ΓÄ»ΓÄ»ΓÄ»ΓÄ»ΓÄ»ΓÄ»ΓÄ»ΓÄ»[47/232]ΓÄ»

 FAIL  src/app/services/game-related/auto-fight/auto-fight.service.spec.ts > AutoFightService 
> fast-fight mode > should execute all turns synchronously
 FAIL  src/app/services/game-related/auto-fight/auto-fight.service.spec.ts > AutoFightService 
> fast-fight mode > should stop when callback returns true
 FAIL  src/app/services/game-related/auto-fight/auto-fight.service.spec.ts > AutoFightService 
> fast-fight mode > should set isAutoFightActive to false after completion
 FAIL  src/app/services/game-related/auto-fight/auto-fight.service.spec.ts > AutoFightService 
> normal auto-fight mode > should set isAutoFightActive to true
 FAIL  src/app/services/game-related/auto-fight/auto-fight.service.spec.ts > AutoFightService 
> normal auto-fight mode > should clear interval when callback returns true
 FAIL  src/app/services/game-related/auto-fight/auto-fight.service.spec.ts > AutoFightService 
> normal auto-fight mode > should execute turns with interval timing
 FAIL  src/app/services/game-related/auto-fight/auto-fight.service.spec.ts > AutoFightService 
> stopAutoFight > should set isAutoFightActive to false
 FAIL  src/app/services/game-related/auto-fight/auto-fight.service.spec.ts > AutoFightService 
> stopAutoFight > should clear interval
 FAIL  src/app/services/game-related/auto-fight/auto-fight.service.spec.ts > AutoFightService 
> executeSingleTurn > should execute callback and return result
 FAIL  src/app/services/game-related/auto-fight/auto-fight.service.spec.ts > AutoFightService 
> executeSingleTurn > should return false when callback returns false
 FAIL  src/app/services/game-related/auto-fight/auto-fight.service.spec.ts > AutoFightService 
> ngOnDestroy > should call stopAutoFight
 FAIL  src/app/services/game-related/auto-fight/auto-fight.service.spec.ts > AutoFightService 
> ngOnDestroy > should stop active auto-fight
 FAIL  src/app/services/game-related/auto-fight/auto-fight.service.spec.ts > AutoFightService 
> double-start guard > should stop previous instance before starting new one
TypeError: Cannot read properties of undefined (reading 'stopAutoFight')
 Γ¥» src/app/services/game-related/auto-fight/auto-fight.service.spec.ts:14:13
     12|
     13|   afterEach(() => {
     14|     service.stopAutoFight();
       |             ^
     15|   });
     16|

ΓÄ»ΓÄ»ΓÄ»ΓÄ»ΓÄ»ΓÄ»ΓÄ»ΓÄ»ΓÄ»ΓÄ»ΓÄ»ΓÄ»ΓÄ»ΓÄ»ΓÄ»ΓÄ»ΓÄ»ΓÄ»ΓÄ»ΓÄ»ΓÄ»[48/232]ΓÄ»

 FAIL  src/app/services/game-related/battle-state/battle-state.service.spec.ts > 
BattleStateService > initial values > should have turnCount = 1
Error: Need to call TestBed.initTestEnvironment() first
 Γ¥» _TestBedImpl.get compiler [as compiler] 
../darwin_arm64-fastbuild-ST-2d99d9656325/bin/packages/core/testing/src/test_bed.ts:687:7
 Γ¥» _TestBedImpl.configureTestingModule 
../darwin_arm64-fastbuild-ST-2d99d9656325/bin/packages/core/testing/src/test_bed.ts:541:5
 Γ¥» Function.configureTestingModule 
../darwin_arm64-fastbuild-ST-2d99d9656325/bin/packages/core/testing/src/test_bed.ts:272:13
 Γ¥» src/app/services/game-related/battle-state/battle-state.service.spec.ts:9:13
      7|
      8|   beforeEach(() => {
      9|     TestBed.configureTestingModule({});
       |             ^
     10|     service = TestBed.inject(BattleStateService);
     11|   });

ΓÄ»ΓÄ»ΓÄ»ΓÄ»ΓÄ»ΓÄ»ΓÄ»ΓÄ»ΓÄ»ΓÄ»ΓÄ»ΓÄ»ΓÄ»ΓÄ»ΓÄ»ΓÄ»ΓÄ»ΓÄ»ΓÄ»ΓÄ»ΓÄ»[49/232]ΓÄ»

 FAIL  src/app/services/game-related/game-field/game-field.service.spec.ts > GameFieldService 
> GameFieldService should be created
Error: Need to call TestBed.initTestEnvironment() first
 Γ¥» _TestBedImpl.get compiler [as compiler] 
../darwin_arm64-fastbuild-ST-2d99d9656325/bin/packages/core/testing/src/test_bed.ts:687:7
 Γ¥» _TestBedImpl.configureTestingModule 
../darwin_arm64-fastbuild-ST-2d99d9656325/bin/packages/core/testing/src/test_bed.ts:541:5
 Γ¥» Function.configureTestingModule 
../darwin_arm64-fastbuild-ST-2d99d9656325/bin/packages/core/testing/src/test_bed.ts:272:13
 Γ¥» src/app/services/game-related/game-field/game-field.service.spec.ts:25:13
     23|     });
     24|
     25|     TestBed.configureTestingModule({
       |             ^
     26|       providers: [
     27|         GameFieldService,

ΓÄ»ΓÄ»ΓÄ»ΓÄ»ΓÄ»ΓÄ»ΓÄ»ΓÄ»ΓÄ»ΓÄ»ΓÄ»ΓÄ»ΓÄ»ΓÄ»ΓÄ»ΓÄ»ΓÄ»ΓÄ»ΓÄ»ΓÄ»ΓÄ»[50/232]ΓÄ»

 FAIL  src/app/services/gift-related/gift-npc/gift-npc.service.spec.ts > GiftNpcService > 
GiftNpcService should be created
Error: Need to call TestBed.initTestEnvironment() first
 Γ¥» _TestBedImpl.get compiler [as compiler] 
../darwin_arm64-fastbuild-ST-2d99d9656325/bin/packages/core/testing/src/test_bed.ts:687:7
 Γ¥» _TestBedImpl.configureTestingModule 
../darwin_arm64-fastbuild-ST-2d99d9656325/bin/packages/core/testing/src/test_bed.ts:541:5
 Γ¥» Function.configureTestingModule 
../darwin_arm64-fastbuild-ST-2d99d9656325/bin/packages/core/testing/src/test_bed.ts:272:13
 Γ¥» src/app/services/gift-related/gift-npc/gift-npc.service.spec.ts:17:13
     15|     rewardServiceSpy = { getReward: vi.fn(), getBasicUserConfig: vi.fnΓÇª
     16|
     17|     TestBed.configureTestingModule({
       |             ^
     18|       providers: [
     19|         GiftNpcService,

ΓÄ»ΓÄ»ΓÄ»ΓÄ»ΓÄ»ΓÄ»ΓÄ»ΓÄ»ΓÄ»ΓÄ»ΓÄ»ΓÄ»ΓÄ»ΓÄ»ΓÄ»ΓÄ»ΓÄ»ΓÄ»ΓÄ»ΓÄ»ΓÄ»[51/232]ΓÄ»

 FAIL  src/app/services/game-related/battle-result/battle-result.service.spec.ts > 
BattleResultService > checkBattleEnd > should return none when units are null
Error: Need to call TestBed.initTestEnvironment() first
 Γ¥» _TestBedImpl.get compiler [as compiler] 
../darwin_arm64-fastbuild-ST-2d99d9656325/bin/packages/core/testing/src/test_bed.ts:687:7
 Γ¥» _TestBedImpl.configureTestingModule 
../darwin_arm64-fastbuild-ST-2d99d9656325/bin/packages/core/testing/src/test_bed.ts:541:5
 Γ¥» Function.configureTestingModule 
../darwin_arm64-fastbuild-ST-2d99d9656325/bin/packages/core/testing/src/test_bed.ts:272:13
 Γ¥» src/app/services/game-related/battle-result/battle-result.service.spec.ts:36:13
     34|     storeSpy.selectSignal.mockReturnValue(() => null);
     35|
     36|     TestBed.configureTestingModule({
       |             ^
     37|       providers: [
     38|         BattleResultService,

ΓÄ»ΓÄ»ΓÄ»ΓÄ»ΓÄ»ΓÄ»ΓÄ»ΓÄ»ΓÄ»ΓÄ»ΓÄ»ΓÄ»ΓÄ»ΓÄ»ΓÄ»ΓÄ»ΓÄ»ΓÄ»ΓÄ»ΓÄ»ΓÄ»[52/232]ΓÄ»

 FAIL  src/app/services/game-related/game-logger/logger.service.spec.ts > GameLoggerService > 
GameLoggerService should be created
Error: Need to call TestBed.initTestEnvironment() first
 Γ¥» _TestBedImpl.get compiler [as compiler] 
../darwin_arm64-fastbuild-ST-2d99d9656325/bin/packages/core/testing/src/test_bed.ts:687:7
 Γ¥» _TestBedImpl.configureTestingModule 
../darwin_arm64-fastbuild-ST-2d99d9656325/bin/packages/core/testing/src/test_bed.ts:541:5
 Γ¥» Function.configureTestingModule 
../darwin_arm64-fastbuild-ST-2d99d9656325/bin/packages/core/testing/src/test_bed.ts:272:13
 Γ¥» src/app/services/game-related/game-logger/logger.service.spec.ts:29:13
     27|
     28|   beforeEach(() => {
     29|     TestBed.configureTestingModule({
       |             ^
     30|       providers: [GameLoggerService, HeroesService],
     31|     });

ΓÄ»ΓÄ»ΓÄ»ΓÄ»ΓÄ»ΓÄ»ΓÄ»ΓÄ»ΓÄ»ΓÄ»ΓÄ»ΓÄ»ΓÄ»ΓÄ»ΓÄ»ΓÄ»ΓÄ»ΓÄ»ΓÄ»ΓÄ»ΓÄ»[53/232]ΓÄ»

 FAIL  src/app/services/users/currency/deposit.service.spec.ts > DepositService > 
DepositService should be created
Error: Need to call TestBed.initTestEnvironment() first
 Γ¥» _TestBedImpl.get compiler [as compiler] 
../darwin_arm64-fastbuild-ST-2d99d9656325/bin/packages/core/testing/src/test_bed.ts:687:7
 Γ¥» _TestBedImpl.configureTestingModule 
../darwin_arm64-fastbuild-ST-2d99d9656325/bin/packages/core/testing/src/test_bed.ts:541:5
 Γ¥» Function.configureTestingModule 
../darwin_arm64-fastbuild-ST-2d99d9656325/bin/packages/core/testing/src/test_bed.ts:272:13
 Γ¥» src/app/services/users/currency/deposit.service.spec.ts:13:13
     11|     httpClientSpy = { get: vi.fn(), post: vi.fn(), put: vi.fn() };
     12|
     13|     TestBed.configureTestingModule({
       |             ^
     14|       providers: [
     15|         {

ΓÄ»ΓÄ»ΓÄ»ΓÄ»ΓÄ»ΓÄ»ΓÄ»ΓÄ»ΓÄ»ΓÄ»ΓÄ»ΓÄ»ΓÄ»ΓÄ»ΓÄ»ΓÄ»ΓÄ»ΓÄ»ΓÄ»ΓÄ»ΓÄ»[54/232]ΓÄ»

 FAIL  src/app/components/heroes-related/heroes-select/hero-select-tile/hero-select-tile.compo
nent.spec.ts > HeroSelectTileComponent > should create
Error: Need to call TestBed.initTestEnvironment() first
 Γ¥» _TestBedImpl.get compiler [as compiler] 
../darwin_arm64-fastbuild-ST-2d99d9656325/bin/packages/core/testing/src/test_bed.ts:687:7
 Γ¥» _TestBedImpl.configureTestingModule 
../darwin_arm64-fastbuild-ST-2d99d9656325/bin/packages/core/testing/src/test_bed.ts:541:5
 Γ¥» Function.configureTestingModule 
../darwin_arm64-fastbuild-ST-2d99d9656325/bin/packages/core/testing/src/test_bed.ts:272:13
 Γ¥» src/app/components/heroes-related/heroes-select/hero-select-tile/hero-select-tile.compone
nt.spec.ts:11:19
      9|
     10|   beforeEach(async () => {
     11|     await TestBed.configureTestingModule({
       |                   ^
     12|       imports: [HeroSelectTileComponent],
     13|     }).compileComponents();

ΓÄ»ΓÄ»ΓÄ»ΓÄ»ΓÄ»ΓÄ»ΓÄ»ΓÄ»ΓÄ»ΓÄ»ΓÄ»ΓÄ»ΓÄ»ΓÄ»ΓÄ»ΓÄ»ΓÄ»ΓÄ»ΓÄ»ΓÄ»ΓÄ»[55/232]ΓÄ»

 FAIL  src/app/components/modal-window/currency/currency-dif/currency-dif.component.spec.ts > 
CurrencyDifComponent > CurrencyDifComponent should be created
Error: Need to call TestBed.initTestEnvironment() first
 Γ¥» _TestBedImpl.get compiler [as compiler] 
../darwin_arm64-fastbuild-ST-2d99d9656325/bin/packages/core/testing/src/test_bed.ts:687:7
 Γ¥» _TestBedImpl.configureTestingModule 
../darwin_arm64-fastbuild-ST-2d99d9656325/bin/packages/core/testing/src/test_bed.ts:541:5
 Γ¥» Function.configureTestingModule 
../darwin_arm64-fastbuild-ST-2d99d9656325/bin/packages/core/testing/src/test_bed.ts:272:13
 Γ¥» 
src/app/components/modal-window/currency/currency-dif/currency-dif.component.spec.ts:29:19
     27|     matSnackBarRef = { dismissWithAction: vi.fn() };
     28|
     29|     await TestBed.configureTestingModule({
       |                   ^
     30|       imports: [CurrencyDifComponent],
     31|       providers: [

ΓÄ»ΓÄ»ΓÄ»ΓÄ»ΓÄ»ΓÄ»ΓÄ»ΓÄ»ΓÄ»ΓÄ»ΓÄ»ΓÄ»ΓÄ»ΓÄ»ΓÄ»ΓÄ»ΓÄ»ΓÄ»ΓÄ»ΓÄ»ΓÄ»[56/232]ΓÄ»

 FAIL  src/app/components/modal-window/strategies/component-modal-strategy/component-modal-str
ategy.spec.ts > ComponentModalStrategy > Property 7: DYNAMIC_COMPONENT_DATA contains all 
config.data fields > injects close and labels from config.data into the component
Error: Need to call TestBed.initTestEnvironment() first
 Γ¥» _TestBedImpl.get compiler [as compiler] 
../darwin_arm64-fastbuild-ST-2d99d9656325/bin/packages/core/testing/src/test_bed.ts:687:7
 Γ¥» _TestBedImpl.configureTestingModule 
../darwin_arm64-fastbuild-ST-2d99d9656325/bin/packages/core/testing/src/test_bed.ts:541:5
 Γ¥» Function.configureTestingModule 
../darwin_arm64-fastbuild-ST-2d99d9656325/bin/packages/core/testing/src/test_bed.ts:272:13
 Γ¥» src/app/components/modal-window/strategies/component-modal-strategy/component-modal-strat
egy.spec.ts:41:19
     39|
     40|   beforeEach(async () => {
     41|     await TestBed.configureTestingModule({
       |                   ^
     42|       declarations: [],
     43|     }).compileComponents();

ΓÄ»ΓÄ»ΓÄ»ΓÄ»ΓÄ»ΓÄ»ΓÄ»ΓÄ»ΓÄ»ΓÄ»ΓÄ»ΓÄ»ΓÄ»ΓÄ»ΓÄ»ΓÄ»ΓÄ»ΓÄ»ΓÄ»ΓÄ»ΓÄ»[57/232]ΓÄ»

 FAIL  src/app/services/facades/shortcut/helpers/shortcut-helper.service.spec.ts > 
ShortcutHelperService > should be created
Error: Need to call TestBed.initTestEnvironment() first
 Γ¥» _TestBedImpl.get compiler [as compiler] 
../darwin_arm64-fastbuild-ST-2d99d9656325/bin/packages/core/testing/src/test_bed.ts:687:7
 Γ¥» _TestBedImpl.configureTestingModule 
../darwin_arm64-fastbuild-ST-2d99d9656325/bin/packages/core/testing/src/test_bed.ts:541:5
 Γ¥» Function.configureTestingModule 
../darwin_arm64-fastbuild-ST-2d99d9656325/bin/packages/core/testing/src/test_bed.ts:272:13
 Γ¥» src/app/services/facades/shortcut/helpers/shortcut-helper.service.spec.ts:10:13
      8|
      9|   beforeEach(() => {
     10|     TestBed.configureTestingModule({});
       |             ^
     11|     service = TestBed.inject(ShortcutHelperService);
     12|   });

ΓÄ»ΓÄ»ΓÄ»ΓÄ»ΓÄ»ΓÄ»ΓÄ»ΓÄ»ΓÄ»ΓÄ»ΓÄ»ΓÄ»ΓÄ»ΓÄ»ΓÄ»ΓÄ»ΓÄ»ΓÄ»ΓÄ»ΓÄ»ΓÄ»[58/232]ΓÄ»

 FAIL  src/app/services/users/currency/helper/currency-helper.service.spec.ts > 
CurrencyHelperService > should be created
Error: Need to call TestBed.initTestEnvironment() first
 Γ¥» _TestBedImpl.get compiler [as compiler] 
../darwin_arm64-fastbuild-ST-2d99d9656325/bin/packages/core/testing/src/test_bed.ts:687:7
 Γ¥» _TestBedImpl.configureTestingModule 
../darwin_arm64-fastbuild-ST-2d99d9656325/bin/packages/core/testing/src/test_bed.ts:541:5
 Γ¥» Function.configureTestingModule 
../darwin_arm64-fastbuild-ST-2d99d9656325/bin/packages/core/testing/src/test_bed.ts:272:13
 Γ¥» src/app/services/users/currency/helper/currency-helper.service.spec.ts:10:13
      8|
      9|   beforeEach(() => {
     10|     TestBed.configureTestingModule({});
       |             ^
     11|     service = TestBed.inject(CurrencyHelperService);
     12|   });

ΓÄ»ΓÄ»ΓÄ»ΓÄ»ΓÄ»ΓÄ»ΓÄ»ΓÄ»ΓÄ»ΓÄ»ΓÄ»ΓÄ»ΓÄ»ΓÄ»ΓÄ»ΓÄ»ΓÄ»ΓÄ»ΓÄ»ΓÄ»ΓÄ»[59/232]ΓÄ»

 FAIL  src/app/components/modal-window/adventure-begins/stages/choose-first-hero/choose-first-
hero.component.spec.ts > ChooseFirstHeroComponent > ChooseFirstHeroComponent should be created
Error: Need to call TestBed.initTestEnvironment() first
 Γ¥» _TestBedImpl.get compiler [as compiler] 
../darwin_arm64-fastbuild-ST-2d99d9656325/bin/packages/core/testing/src/test_bed.ts:687:7
 Γ¥» _TestBedImpl.configureTestingModule 
../darwin_arm64-fastbuild-ST-2d99d9656325/bin/packages/core/testing/src/test_bed.ts:541:5
 Γ¥» Function.configureTestingModule 
../darwin_arm64-fastbuild-ST-2d99d9656325/bin/packages/core/testing/src/test_bed.ts:272:13
 Γ¥» src/app/components/modal-window/adventure-begins/stages/choose-first-hero/choose-first-he
ro.component.spec.ts:12:19
     10|
     11|   beforeEach(async () => {
     12|     await TestBed.configureTestingModule({
       |                   ^
     13|       imports: [ChooseFirstHeroComponent],
     14|       providers: [

ΓÄ»ΓÄ»ΓÄ»ΓÄ»ΓÄ»ΓÄ»ΓÄ»ΓÄ»ΓÄ»ΓÄ»ΓÄ»ΓÄ»ΓÄ»ΓÄ»ΓÄ»ΓÄ»ΓÄ»ΓÄ»ΓÄ»ΓÄ»ΓÄ»[60/232]ΓÄ»

 FAIL  
src/app/components/modal-window/adventure-begins/stages/welcome/welcome.component.spec.ts > 
WelcomeComponent > WelcomeComponent should be created
Error: Need to call TestBed.initTestEnvironment() first
 Γ¥» _TestBedImpl.get compiler [as compiler] 
../darwin_arm64-fastbuild-ST-2d99d9656325/bin/packages/core/testing/src/test_bed.ts:687:7
 Γ¥» _TestBedImpl.configureTestingModule 
../darwin_arm64-fastbuild-ST-2d99d9656325/bin/packages/core/testing/src/test_bed.ts:541:5
 Γ¥» Function.configureTestingModule 
../darwin_arm64-fastbuild-ST-2d99d9656325/bin/packages/core/testing/src/test_bed.ts:272:13
 Γ¥» src/app/components/modal-window/adventure-begins/stages/welcome/welcome.component.spec.ts
:12:19
     10|
     11|   beforeEach(async () => {
     12|     await TestBed.configureTestingModule({
       |                   ^
     13|       imports: [WelcomeComponent],
     14|       providers: [

ΓÄ»ΓÄ»ΓÄ»ΓÄ»ΓÄ»ΓÄ»ΓÄ»ΓÄ»ΓÄ»ΓÄ»ΓÄ»ΓÄ»ΓÄ»ΓÄ»ΓÄ»ΓÄ»ΓÄ»ΓÄ»ΓÄ»ΓÄ»ΓÄ»[61/232]ΓÄ»

 FAIL  src/app/components/modal-window/adventure-begins/stages/final/final.component.spec.ts 
> FinalComponent > should create
Error: Need to call TestBed.initTestEnvironment() first
 Γ¥» _TestBedImpl.get compiler [as compiler] 
../darwin_arm64-fastbuild-ST-2d99d9656325/bin/packages/core/testing/src/test_bed.ts:687:7
 Γ¥» _TestBedImpl.configureTestingModule 
../darwin_arm64-fastbuild-ST-2d99d9656325/bin/packages/core/testing/src/test_bed.ts:541:5
 Γ¥» Function.configureTestingModule 
../darwin_arm64-fastbuild-ST-2d99d9656325/bin/packages/core/testing/src/test_bed.ts:272:13
 Γ¥» 
src/app/components/modal-window/adventure-begins/stages/final/final.component.spec.ts:25:19
     23|
     24|   beforeEach(async () => {
     25|     await TestBed.configureTestingModule({
       |                   ^
     26|       imports: [FinalComponent],
     27|       providers: [

ΓÄ»ΓÄ»ΓÄ»ΓÄ»ΓÄ»ΓÄ»ΓÄ»ΓÄ»ΓÄ»ΓÄ»ΓÄ»ΓÄ»ΓÄ»ΓÄ»ΓÄ»ΓÄ»ΓÄ»ΓÄ»ΓÄ»ΓÄ»ΓÄ»[62/232]ΓÄ»

 FAIL  src/app/components/modal-window/adventure-begins/stages/first-battle/first-battle.compo
nent.spec.ts > FirstBattleComponent > should create
Error: Need to call TestBed.initTestEnvironment() first
 Γ¥» _TestBedImpl.get compiler [as compiler] 
../darwin_arm64-fastbuild-ST-2d99d9656325/bin/packages/core/testing/src/test_bed.ts:687:7
 Γ¥» _TestBedImpl.configureTestingModule 
../darwin_arm64-fastbuild-ST-2d99d9656325/bin/packages/core/testing/src/test_bed.ts:541:5
 Γ¥» Function.configureTestingModule 
../darwin_arm64-fastbuild-ST-2d99d9656325/bin/packages/core/testing/src/test_bed.ts:272:13

 Γ¥» src/app/components/modal-window/adventure-begins/stages/first-battle/first-battle.compone
nt.spec.ts:20:19
     18|
     19|   beforeEach(async () => {
     20|     await TestBed.configureTestingModule({
       |                   ^
     21|       imports: [FirstBattleComponent],
     22|       providers: [

ΓÄ»ΓÄ»ΓÄ»ΓÄ»ΓÄ»ΓÄ»ΓÄ»ΓÄ»ΓÄ»ΓÄ»ΓÄ»ΓÄ»ΓÄ»ΓÄ»ΓÄ»ΓÄ»ΓÄ»ΓÄ»ΓÄ»ΓÄ»ΓÄ»[63/232]ΓÄ»

 FAIL  src/app/services/facades/shortcut/helpers/base/shortcut-base-helper.service.spec.ts > 
ShortcutBaseHelperService > should be created
Error: Need to call TestBed.initTestEnvironment() first
 Γ¥» _TestBedImpl.get compiler [as compiler] 
../darwin_arm64-fastbuild-ST-2d99d9656325/bin/packages/core/testing/src/test_bed.ts:687:7
 Γ¥» _TestBedImpl.configureTestingModule 
../darwin_arm64-fastbuild-ST-2d99d9656325/bin/packages/core/testing/src/test_bed.ts:541:5
 Γ¥» Function.configureTestingModule 
../darwin_arm64-fastbuild-ST-2d99d9656325/bin/packages/core/testing/src/test_bed.ts:272:13
 Γ¥» src/app/services/facades/shortcut/helpers/base/shortcut-base-helper.service.spec.ts:10:13
      8|
      9|   beforeEach(() => {
     10|     TestBed.configureTestingModule({});
       |             ^
     11|     service = TestBed.inject(ShortcutBaseHelperService);
     12|   });

ΓÄ»ΓÄ»ΓÄ»ΓÄ»ΓÄ»ΓÄ»ΓÄ»ΓÄ»ΓÄ»ΓÄ»ΓÄ»ΓÄ»ΓÄ»ΓÄ»ΓÄ»ΓÄ»ΓÄ»ΓÄ»ΓÄ»ΓÄ»ΓÄ»[64/232]ΓÄ»

 Test Files  62 failed | 39 passed (101)
      Tests  210 failed | 40 passed (250)
   Start at  19:21:51
   Duration  122.72s (transform 356.35s, setup 18.41s, import 835.86s, tests 2.91s, environment 151.77s)

